Archive member included to satisfy reference by file (symbol)

/opt/gcc-arm-none-eabi-10-2020-q4-major/bin/../lib/gcc/arm-none-eabi/10.2.1/thumb/v6-m/nofp/libgcc.a(_dvmd_tls.o)
                              CMakeFiles/mpu6050.dir/home/je6ndar/pico-sdk/src/rp2_common/pico_divider/divider_hardware.S.obj (__aeabi_idiv0)
/opt/gcc-arm-none-eabi-10-2020-q4-major/bin/../lib/gcc/arm-none-eabi/10.2.1/../../../../arm-none-eabi/lib/thumb/v6-m/nofp/libg.a(lib_a-calloc.o)
                              CMakeFiles/mpu6050.dir/home/je6ndar/pico-sdk/src/rp2_common/pico_malloc/malloc.c.obj (calloc)
/opt/gcc-arm-none-eabi-10-2020-q4-major/bin/../lib/gcc/arm-none-eabi/10.2.1/../../../../arm-none-eabi/lib/thumb/v6-m/nofp/libg.a(lib_a-callocr.o)
                              /opt/gcc-arm-none-eabi-10-2020-q4-major/bin/../lib/gcc/arm-none-eabi/10.2.1/../../../../arm-none-eabi/lib/thumb/v6-m/nofp/libg.a(lib_a-calloc.o) (_calloc_r)
/opt/gcc-arm-none-eabi-10-2020-q4-major/bin/../lib/gcc/arm-none-eabi/10.2.1/../../../../arm-none-eabi/lib/thumb/v6-m/nofp/libg.a(lib_a-impure.o)
                              /opt/gcc-arm-none-eabi-10-2020-q4-major/bin/../lib/gcc/arm-none-eabi/10.2.1/../../../../arm-none-eabi/lib/thumb/v6-m/nofp/libg.a(lib_a-calloc.o) (_impure_ptr)
/opt/gcc-arm-none-eabi-10-2020-q4-major/bin/../lib/gcc/arm-none-eabi/10.2.1/../../../../arm-none-eabi/lib/thumb/v6-m/nofp/libg.a(lib_a-init.o)
                              /opt/gcc-arm-none-eabi-10-2020-q4-major/bin/../lib/gcc/arm-none-eabi/10.2.1/../../../../arm-none-eabi/lib/thumb/v6-m/nofp/crt0.o (__libc_init_array)
/opt/gcc-arm-none-eabi-10-2020-q4-major/bin/../lib/gcc/arm-none-eabi/10.2.1/../../../../arm-none-eabi/lib/thumb/v6-m/nofp/libg.a(lib_a-lcltime_r.o)
                              CMakeFiles/mpu6050.dir/home/je6ndar/pico-sdk/src/common/pico_util/datetime.c.obj (localtime_r)
/opt/gcc-arm-none-eabi-10-2020-q4-major/bin/../lib/gcc/arm-none-eabi/10.2.1/../../../../arm-none-eabi/lib/thumb/v6-m/nofp/libg.a(lib_a-malloc.o)
                              CMakeFiles/mpu6050.dir/home/je6ndar/pico-sdk/src/rp2_common/pico_malloc/malloc.c.obj (malloc)
/opt/gcc-arm-none-eabi-10-2020-q4-major/bin/../lib/gcc/arm-none-eabi/10.2.1/../../../../arm-none-eabi/lib/thumb/v6-m/nofp/libg.a(lib_a-mallocr.o)
                              /opt/gcc-arm-none-eabi-10-2020-q4-major/bin/../lib/gcc/arm-none-eabi/10.2.1/../../../../arm-none-eabi/lib/thumb/v6-m/nofp/libg.a(lib_a-callocr.o) (_malloc_r)
/opt/gcc-arm-none-eabi-10-2020-q4-major/bin/../lib/gcc/arm-none-eabi/10.2.1/../../../../arm-none-eabi/lib/thumb/v6-m/nofp/libg.a(lib_a-memcmp.o)
                              CMakeFiles/mpu6050.dir/home/je6ndar/pico-sdk/src/rp2_common/pico_atomic/atomic.c.obj (memcmp)
/opt/gcc-arm-none-eabi-10-2020-q4-major/bin/../lib/gcc/arm-none-eabi/10.2.1/../../../../arm-none-eabi/lib/thumb/v6-m/nofp/libg.a(lib_a-mktime.o)
                              CMakeFiles/mpu6050.dir/home/je6ndar/pico-sdk/src/common/pico_util/datetime.c.obj (mktime)
/opt/gcc-arm-none-eabi-10-2020-q4-major/bin/../lib/gcc/arm-none-eabi/10.2.1/../../../../arm-none-eabi/lib/thumb/v6-m/nofp/libg.a(lib_a-mlock.o)
                              /opt/gcc-arm-none-eabi-10-2020-q4-major/bin/../lib/gcc/arm-none-eabi/10.2.1/../../../../arm-none-eabi/lib/thumb/v6-m/nofp/libg.a(lib_a-mallocr.o) (__malloc_lock)
/opt/gcc-arm-none-eabi-10-2020-q4-major/bin/../lib/gcc/arm-none-eabi/10.2.1/../../../../arm-none-eabi/lib/thumb/v6-m/nofp/libg.a(lib_a-month_lengths.o)
                              /opt/gcc-arm-none-eabi-10-2020-q4-major/bin/../lib/gcc/arm-none-eabi/10.2.1/../../../../arm-none-eabi/lib/thumb/v6-m/nofp/libg.a(lib_a-lcltime_r.o) (__month_lengths)
/opt/gcc-arm-none-eabi-10-2020-q4-major/bin/../lib/gcc/arm-none-eabi/10.2.1/../../../../arm-none-eabi/lib/thumb/v6-m/nofp/libg.a(lib_a-realloc.o)
                              CMakeFiles/mpu6050.dir/home/je6ndar/pico-sdk/src/rp2_common/pico_malloc/malloc.c.obj (realloc)
/opt/gcc-arm-none-eabi-10-2020-q4-major/bin/../lib/gcc/arm-none-eabi/10.2.1/../../../../arm-none-eabi/lib/thumb/v6-m/nofp/libg.a(lib_a-reallocr.o)
                              /opt/gcc-arm-none-eabi-10-2020-q4-major/bin/../lib/gcc/arm-none-eabi/10.2.1/../../../../arm-none-eabi/lib/thumb/v6-m/nofp/libg.a(lib_a-realloc.o) (_realloc_r)
/opt/gcc-arm-none-eabi-10-2020-q4-major/bin/../lib/gcc/arm-none-eabi/10.2.1/../../../../arm-none-eabi/lib/thumb/v6-m/nofp/libg.a(lib_a-sbrkr.o)
                              /opt/gcc-arm-none-eabi-10-2020-q4-major/bin/../lib/gcc/arm-none-eabi/10.2.1/../../../../arm-none-eabi/lib/thumb/v6-m/nofp/libg.a(lib_a-mallocr.o) (_sbrk_r)
/opt/gcc-arm-none-eabi-10-2020-q4-major/bin/../lib/gcc/arm-none-eabi/10.2.1/../../../../arm-none-eabi/lib/thumb/v6-m/nofp/libg.a(lib_a-strlen-stub.o)
                              CMakeFiles/mpu6050.dir/home/je6ndar/pico-sdk/src/rp2_common/pico_stdio/stdio.c.obj (strlen)
[...]
Memory Configuration

Name             Origin             Length             Attributes
FLASH            0x0000000010000000 0x0000000000200000 xr
RAM              0x0000000020000000 0x0000000000040000 xrw
SCRATCH_X        0x0000000020040000 0x0000000000001000 xrw
SCRATCH_Y        0x0000000020041000 0x0000000000001000 xrw
*default*        0x0000000000000000 0xffffffffffffffff

Linker script and memory map

LOAD /opt/gcc-arm-none-eabi-10-2020-q4-major/bin/../lib/gcc/arm-none-eabi/10.2.1/thumb/v6-m/nofp/crti.o
LOAD /opt/gcc-arm-none-eabi-10-2020-q4-major/bin/../lib/gcc/arm-none-eabi/10.2.1/thumb/v6-m/nofp/crtbegin.o
LOAD /opt/gcc-arm-none-eabi-10-2020-q4-major/bin/../lib/gcc/arm-none-eabi/10.2.1/../../../../arm-none-eabi/lib/thumb/v6-m/nofp/crt0.o

.flash_begin    0x0000000010000000        0x0
                0x0000000010000000                __flash_binary_start = .

.boot2          0x0000000010000000      0x100
                0x0000000010000000                __boot2_start__ = .
 *(.boot2)
 .boot2         0x0000000010000000      0x100 /tmp/ccZCxIKz.o
                0x0000000010000100                __boot2_end__ = .
                0x0000000000000001                ASSERT (((__boot2_end__ - __boot2_start__) == 0x100), ERROR: Pico second stage bootloader must be 256 bytes in size)

.text           0x0000000010000100     0x6aa0
                0x0000000010000100                __logical_binary_start = .
 *(.vectors)
 .vectors       0x0000000010000100       0xd4 CMakeFiles/mpu6050.dir/home/je6ndar/pico-sdk/src/rp2_common/pico_crt0/crt0.S.obj
                0x0000000010000100                __vectors
                0x0000000010000100                __VECTOR_TABLE
                0x00000000100001c0                isr_invalid
                0x00000000100001c0                __default_isrs_start
                0x00000000100001c2                isr_nmi
                0x00000000100001c4                isr_hardfault
                0x00000000100001c6                isr_svcall
                0x00000000100001c8                isr_pendsv
                0x00000000100001ca                isr_systick
                0x00000000100001cc                isr_irq30
                0x00000000100001cc                __unhandled_user_irq
                0x00000000100001cc                isr_irq13
                0x00000000100001cc                isr_irq27
                0x00000000100001cc                isr_irq31
                0x00000000100001cc                isr_irq5
                0x00000000100001cc                isr_irq11
                0x00000000100001cc                isr_irq23
                0x00000000100001cc                isr_irq18
                0x00000000100001cc                isr_irq28
                0x00000000100001cc                isr_irq19
                0x00000000100001cc                isr_irq0
                0x00000000100001cc                isr_irq6
                0x00000000100001cc                isr_irq22
                0x00000000100001cc                isr_irq17
                0x00000000100001cc                isr_irq14
                0x00000000100001cc                isr_irq2
                0x00000000100001cc                isr_irq10
                0x00000000100001cc                isr_irq8
                0x00000000100001cc                isr_irq24
                0x00000000100001cc                isr_irq1
                0x00000000100001cc                isr_irq7
                0x00000000100001cc                isr_irq21
                0x00000000100001cc                isr_irq20
                0x00000000100001cc                isr_irq15
                0x00000000100001cc                isr_irq25
                0x00000000100001cc                isr_irq4
                0x00000000100001cc                isr_irq16
                0x00000000100001cc                isr_irq29
                0x00000000100001cc                isr_irq26
                0x00000000100001cc                __default_isrs_end
                0x00000000100001cc                isr_irq3
                0x00000000100001cc                isr_irq12
                0x00000000100001cc                isr_irq9
                0x00000000100001d2                unhandled_user_irq_num_in_r0
 *(.binary_info_header)
 .binary_info_header
                0x00000000100001d4       0x14 CMakeFiles/mpu6050.dir/home/je6ndar/pico-sdk/src/rp2_common/pico_crt0/crt0.S.obj
                0x00000000100001e8                __binary_info_header_end = .
 *(.embedded_block)
                0x00000000100001e8                __embedded_block_end = .
 *(.reset)
 .reset         0x00000000100001e8       0x9c CMakeFiles/mpu6050.dir/home/je6ndar/pico-sdk/src/rp2_common/pico_crt0/crt0.S.obj
                0x00000000100001e8                _entry_point
 *(.init)
 .init          0x0000000010000284        0x4 /opt/gcc-arm-none-eabi-10-2020-q4-major/bin/../lib/gcc/arm-none-eabi/10.2.1/thumb/v6-m/nofp/crti.o
                0x0000000010000284                _init
 *(EXCLUDE_FILE(*libm.a: *libc.a:*lib_a-mem*.o *libgcc.a:) .text*)
 .text          0x0000000010000288       0x48 /opt/gcc-arm-none-eabi-10-2020-q4-major/bin/../lib/gcc/arm-none-eabi/10.2.1/thumb/v6-m/nofp/crtbegin.o
 .text._Z13mpu6050_resetv
                0x00000000100002d0       0x44 CMakeFiles/mpu6050.dir/src/mpu6050.cpp.obj
                0x00000000100002d0                mpu6050_reset()
 .text._Z17mpu6050_configurev
                0x0000000010000314       0x50 CMakeFiles/mpu6050.dir/src/mpu6050.cpp.obj
                0x0000000010000314                mpu6050_configure()
 .text._Z16mpu6050_read_rawPsS_S_
                0x0000000010000364       0x74 CMakeFiles/mpu6050.dir/src/mpu6050.cpp.obj
                0x0000000010000364                mpu6050_read_raw(short*, short*, short*)
 .text.startup.main
                0x00000000100003d8      0x168 CMakeFiles/mpu6050.dir/src/mpu6050.cpp.obj
                0x00000000100003d8                main
 .text.startup._GLOBAL__sub_I_i2c
                0x0000000010000540       0x10 CMakeFiles/mpu6050.dir/src/mpu6050.cpp.obj
 .text._ZN10I2CManagerC2Ev
                0x0000000010000550       0x38 CMakeFiles/mpu6050.dir/src/i2cManager.cpp.obj
                0x0000000010000550                I2CManager::I2CManager()
                0x0000000010000550                I2CManager::I2CManager()
 .text.gpio_set_function
                0x0000000010000588       0x34 CMakeFiles/mpu6050.dir/home/je6ndar/pico-sdk/src/rp2_common/hardware_gpio/gpio.c.obj
                0x0000000010000588                gpio_set_function
 .text.rp2040_chip_version
                0x00000000100005bc        0xc CMakeFiles/mpu6050.dir/home/je6ndar/pico-sdk/src/rp2040/pico_platform/platform.c.obj
                0x00000000100005bc                rp2040_chip_version
 .text.panic    0x00000000100005c8       0x30 CMakeFiles/mpu6050.dir/home/je6ndar/pico-sdk/src/rp2_common/pico_platform_panic/panic.c.obj
                0x00000000100005c8                panic
 .text.hw_claim_or_assert
                0x00000000100005f8       0x44 CMakeFiles/mpu6050.dir/home/je6ndar/pico-sdk/src/common/hardware_claim/claim.c.obj
                0x00000000100005f8                hw_claim_or_assert
 .text.hw_claim_unused_from_range
                0x000000001000063c       0x9c CMakeFiles/mpu6050.dir/home/je6ndar/pico-sdk/src/common/hardware_claim/claim.c.obj
                0x000000001000063c                hw_claim_unused_from_range
 .text.next_striped_spin_lock_num
                0x00000000100006d8       0x18 CMakeFiles/mpu6050.dir/home/je6ndar/pico-sdk/src/rp2_common/hardware_sync/sync.c.obj
                0x00000000100006d8                next_striped_spin_lock_num
 .text.spin_lock_claim_unused
                0x00000000100006f0       0x20 CMakeFiles/mpu6050.dir/home/je6ndar/pico-sdk/src/rp2_common/hardware_sync/sync.c.obj
                0x00000000100006f0                spin_lock_claim_unused
 .text.spin_locks_reset
                0x0000000010000710       0x1c CMakeFiles/mpu6050.dir/home/je6ndar/pico-sdk/src/rp2_common/hardware_sync_spin_lock/sync_spin_lock.c.obj
                0x0000000010000710                spin_locks_reset
 .text.runtime_init_per_core_irq_priorities
                0x000000001000072c       0x24 CMakeFiles/mpu6050.dir/home/je6ndar/pico-sdk/src/rp2_common/hardware_irq/irq.c.obj
                0x000000001000072c                runtime_init_per_core_irq_priorities
 .text.irq_set_enabled
                0x0000000010000750       0x24 CMakeFiles/mpu6050.dir/home/je6ndar/pico-sdk/src/rp2_common/hardware_irq/irq.c.obj
                0x0000000010000750                irq_set_enabled
 .text.irq_is_enabled
                0x0000000010000774       0x18 CMakeFiles/mpu6050.dir/home/je6ndar/pico-sdk/src/rp2_common/hardware_irq/irq.c.obj
                0x0000000010000774                irq_is_enabled
 .text.irq_set_pending
                0x000000001000078c       0x10 CMakeFiles/mpu6050.dir/home/je6ndar/pico-sdk/src/rp2_common/hardware_irq/irq.c.obj
                0x000000001000078c                irq_set_pending
 .text.irq_has_shared_handler
                0x000000001000079c       0x2c CMakeFiles/mpu6050.dir/home/je6ndar/pico-sdk/src/rp2_common/hardware_irq/irq.c.obj
                0x000000001000079c                irq_has_shared_handler
 .text.irq_set_exclusive_handler
                0x00000000100007c8       0x54 CMakeFiles/mpu6050.dir/home/je6ndar/pico-sdk/src/rp2_common/hardware_irq/irq.c.obj
                0x00000000100007c8                irq_set_exclusive_handler
 .text.irq_add_shared_handler
                0x000000001000081c      0x1e8 CMakeFiles/mpu6050.dir/home/je6ndar/pico-sdk/src/rp2_common/hardware_irq/irq.c.obj
                0x000000001000081c                irq_add_shared_handler
 .text.irq_add_tail_to_free_list
                0x0000000010000a04       0xb4 CMakeFiles/mpu6050.dir/home/je6ndar/pico-sdk/src/rp2_common/hardware_irq/irq.c.obj
                0x0000000010000a04                irq_add_tail_to_free_list
 .text.user_irq_claim_unused
                0x0000000010000ab8       0x28 CMakeFiles/mpu6050.dir/home/je6ndar/pico-sdk/src/rp2_common/hardware_irq/irq.c.obj
                0x0000000010000ab8                user_irq_claim_unused
 .text.lock_init
                0x0000000010000ae0       0x10 CMakeFiles/mpu6050.dir/home/je6ndar/pico-sdk/src/common/pico_sync/lock_core.c.obj
                0x0000000010000ae0                lock_init
 .text.runtime_init_mutex
                0x0000000010000af0       0x58 CMakeFiles/mpu6050.dir/home/je6ndar/pico-sdk/src/common/pico_sync/mutex.c.obj
                0x0000000010000af0                runtime_init_mutex
 .text.mutex_init
                0x0000000010000b48       0x1c CMakeFiles/mpu6050.dir/home/je6ndar/pico-sdk/src/common/pico_sync/mutex.c.obj
                0x0000000010000b48                mutex_init
 .text.critical_section_init
                0x0000000010000b64       0x20 CMakeFiles/mpu6050.dir/home/je6ndar/pico-sdk/src/common/pico_sync/critical_section.c.obj
                0x0000000010000b64                critical_section_init
 .text.critical_section_init_with_lock_num
                0x0000000010000b84       0x14 CMakeFiles/mpu6050.dir/home/je6ndar/pico-sdk/src/common/pico_sync/critical_section.c.obj
                0x0000000010000b84                critical_section_init_with_lock_num
 .text.sleep_until_callback
                0x0000000010000b98       0x30 CMakeFiles/mpu6050.dir/home/je6ndar/pico-sdk/src/common/pico_time/time.c.obj
 .text.alarm_pool_irq_handler
                0x0000000010000bc8      0x2e4 CMakeFiles/mpu6050.dir/home/je6ndar/pico-sdk/src/common/pico_time/time.c.obj
 .text.runtime_init_default_alarm_pool
                0x0000000010000eac       0xdc CMakeFiles/mpu6050.dir/home/je6ndar/pico-sdk/src/common/pico_time/time.c.obj
                0x0000000010000eac                runtime_init_default_alarm_pool
 .text.alarm_pool_get_default
                0x0000000010000f88        0x8 CMakeFiles/mpu6050.dir/home/je6ndar/pico-sdk/src/common/pico_time/time.c.obj
                0x0000000010000f88                alarm_pool_get_default
 .text.alarm_pool_add_alarm_at
                0x0000000010000f90       0xc8 CMakeFiles/mpu6050.dir/home/je6ndar/pico-sdk/src/common/pico_time/time.c.obj
                0x0000000010000f90                alarm_pool_add_alarm_at
 .text.alarm_pool_add_alarm_at_force_in_context
                0x0000000010001058       0xb0 CMakeFiles/mpu6050.dir/home/je6ndar/pico-sdk/src/common/pico_time/time.c.obj
                0x0000000010001058                alarm_pool_add_alarm_at_force_in_context
 .text.alarm_pool_cancel_alarm
                0x0000000010001108       0x7c CMakeFiles/mpu6050.dir/home/je6ndar/pico-sdk/src/common/pico_time/time.c.obj
                0x0000000010001108                alarm_pool_cancel_alarm
 .text.alarm_pool_core_num
                0x0000000010001184        0x4 CMakeFiles/mpu6050.dir/home/je6ndar/pico-sdk/src/common/pico_time/time.c.obj
                0x0000000010001184                alarm_pool_core_num
 .text.sleep_until
                0x0000000010001188       0xd0 CMakeFiles/mpu6050.dir/home/je6ndar/pico-sdk/src/common/pico_time/time.c.obj
                0x0000000010001188                sleep_until
 .text.sleep_ms
                0x0000000010001258       0x34 CMakeFiles/mpu6050.dir/home/je6ndar/pico-sdk/src/common/pico_time/time.c.obj
                0x0000000010001258                sleep_ms
 .text.best_effort_wfe_or_timeout
                0x000000001000128c      0x11c CMakeFiles/mpu6050.dir/home/je6ndar/pico-sdk/src/common/pico_time/time.c.obj
                0x000000001000128c                best_effort_wfe_or_timeout
 .text.timer_hardware_alarm_claim
                0x00000000100013a8       0x14 CMakeFiles/mpu6050.dir/home/je6ndar/pico-sdk/src/rp2_common/hardware_timer/timer.c.obj
                0x00000000100013a8                timer_hardware_alarm_claim
 .text.timer_time_us_64
                0x00000000100013bc       0x10 CMakeFiles/mpu6050.dir/home/je6ndar/pico-sdk/src/rp2_common/hardware_timer/timer.c.obj
                0x00000000100013bc                timer_time_us_64
 .text.time_us_64
                0x00000000100013cc       0x14 CMakeFiles/mpu6050.dir/home/je6ndar/pico-sdk/src/rp2_common/hardware_timer/timer.c.obj
                0x00000000100013cc                time_us_64
 .text.busy_wait_until
                0x00000000100013e0       0x20 CMakeFiles/mpu6050.dir/home/je6ndar/pico-sdk/src/rp2_common/hardware_timer/timer.c.obj
                0x00000000100013e0                busy_wait_until
 .text.clock_configure_int_divider
                0x0000000010001400       0xf4 CMakeFiles/mpu6050.dir/home/je6ndar/pico-sdk/src/rp2_common/hardware_clocks/clocks.c.obj
                0x0000000010001400                clock_configure_int_divider
 .text.clock_configure_undivided
                0x00000000100014f4       0xe8 CMakeFiles/mpu6050.dir/home/je6ndar/pico-sdk/src/rp2_common/hardware_clocks/clocks.c.obj
                0x00000000100014f4                clock_configure_undivided
 .text.clock_get_hz
                0x00000000100015dc        0xc CMakeFiles/mpu6050.dir/home/je6ndar/pico-sdk/src/rp2_common/hardware_clocks/clocks.c.obj
                0x00000000100015dc                clock_get_hz
 .text.pll_init
                0x00000000100015e8       0xa0 CMakeFiles/mpu6050.dir/home/je6ndar/pico-sdk/src/rp2_common/hardware_pll/pll.c.obj
                0x00000000100015e8                pll_init
 .text.watchdog_reboot
                0x0000000010001688       0x98 CMakeFiles/mpu6050.dir/home/je6ndar/pico-sdk/src/rp2_common/hardware_watchdog/watchdog.c.obj
                0x0000000010001688                watchdog_reboot
 .text.tick_start
                0x0000000010001720       0x10 CMakeFiles/mpu6050.dir/home/je6ndar/pico-sdk/src/rp2_common/hardware_ticks/ticks.c.obj
                0x0000000010001720                tick_start
 .text.xosc_init
                0x0000000010001730       0x28 CMakeFiles/mpu6050.dir/home/je6ndar/pico-sdk/src/rp2_common/hardware_xosc/xosc.c.obj
                0x0000000010001730                xosc_init
 .text.first_per_core_initializer
                0x0000000010001758        0x4 CMakeFiles/mpu6050.dir/home/je6ndar/pico-sdk/src/rp2_common/pico_runtime/runtime.c.obj
 .text.hard_assertion_failure
                0x000000001000175c        0xc CMakeFiles/mpu6050.dir/home/je6ndar/pico-sdk/src/rp2_common/pico_runtime/runtime.c.obj
                0x000000001000175c                hard_assertion_failure
 .text.runtime_run_initializers
                0x0000000010001768       0x28 CMakeFiles/mpu6050.dir/home/je6ndar/pico-sdk/src/rp2_common/pico_runtime/runtime.c.obj
                0x0000000010001768                runtime_run_initializers
 .text.runtime_init_early_resets
                0x0000000010001790       0x2c CMakeFiles/mpu6050.dir/home/je6ndar/pico-sdk/src/rp2_common/pico_runtime_init/runtime_init.c.obj
                0x0000000010001790                runtime_init_early_resets
 .text.runtime_init_usb_power_down
                0x00000000100017bc       0x1c CMakeFiles/mpu6050.dir/home/je6ndar/pico-sdk/src/rp2_common/pico_runtime_init/runtime_init.c.obj
                0x00000000100017bc                runtime_init_usb_power_down
 .text.runtime_init_post_clock_resets
                0x00000000100017d8       0x20 CMakeFiles/mpu6050.dir/home/je6ndar/pico-sdk/src/rp2_common/pico_runtime_init/runtime_init.c.obj
                0x00000000100017d8                runtime_init_post_clock_resets
 .text.runtime_init_rp2040_gpio_ie_disable
                0x00000000100017f8       0x14 CMakeFiles/mpu6050.dir/home/je6ndar/pico-sdk/src/rp2_common/pico_runtime_init/runtime_init.c.obj
                0x00000000100017f8                runtime_init_rp2040_gpio_ie_disable
 .text.runtime_init_spin_locks_reset
                0x000000001000180c        0x8 CMakeFiles/mpu6050.dir/home/je6ndar/pico-sdk/src/rp2_common/pico_runtime_init/runtime_init.c.obj
                0x000000001000180c                runtime_init_spin_locks_reset
 .text.runtime_init_install_ram_vector_table
                0x0000000010001814       0x1c CMakeFiles/mpu6050.dir/home/je6ndar/pico-sdk/src/rp2_common/pico_runtime_init/runtime_init.c.obj
                0x0000000010001814                runtime_init_install_ram_vector_table
 .text.runtime_init_clocks
                0x0000000010001830       0xd8 CMakeFiles/mpu6050.dir/home/je6ndar/pico-sdk/src/rp2_common/pico_runtime_init/runtime_init_clocks.c.obj
                0x0000000010001830                runtime_init_clocks
 .text          0x0000000010001908       0x10 CMakeFiles/mpu6050.dir/home/je6ndar/pico-sdk/src/rp2_common/pico_bit_ops/bit_ops_aeabi.S.obj
 .text.rom_func_lookup
                0x0000000010001918       0x10 CMakeFiles/mpu6050.dir/home/je6ndar/pico-sdk/src/rp2_common/pico_bootrom/bootrom.c.obj
                0x0000000010001918                rom_func_lookup
 .text.rom_data_lookup
                0x0000000010001928       0x10 CMakeFiles/mpu6050.dir/home/je6ndar/pico-sdk/src/rp2_common/pico_bootrom/bootrom.c.obj
                0x0000000010001928                rom_data_lookup
 .text.rom_funcs_lookup
                0x0000000010001938       0x44 CMakeFiles/mpu6050.dir/home/je6ndar/pico-sdk/src/rp2_common/pico_bootrom/bootrom.c.obj
                0x0000000010001938                rom_funcs_lookup
 .text.rom_reset_usb_boot
                0x000000001000197c       0x20 CMakeFiles/mpu6050.dir/home/je6ndar/pico-sdk/src/rp2_common/pico_bootrom/bootrom.c.obj
                0x000000001000197c                rom_reset_usb_boot
 .text.__wrap___aeabi_idiv
                0x000000001000199c       0x50 CMakeFiles/mpu6050.dir/home/je6ndar/pico-sdk/src/rp2_common/pico_divider/divider_hardware.S.obj
                0x000000001000199c                __wrap___aeabi_idivmod
                0x000000001000199c                divmod_s32s32
                0x000000001000199c                div_s32s32
                0x000000001000199c                __wrap___aeabi_idiv
                0x00000000100019a4                divmod_s32s32_unsafe
                0x00000000100019d0                divmod_s32s32_savestate
 .text.__wrap___aeabi_uidiv
                0x00000000100019ec       0x4c CMakeFiles/mpu6050.dir/home/je6ndar/pico-sdk/src/rp2_common/pico_divider/divider_hardware.S.obj
                0x00000000100019ec                __wrap___aeabi_uidiv
                0x00000000100019ec                __wrap___aeabi_uidivmod
                0x00000000100019ec                div_u32u32
                0x00000000100019ec                divmod_u32u32
                0x00000000100019f4                divmod_u32u32_unsafe
                0x0000000010001a1c                divmod_u32u32_savestate
 .text.__wrap___aeabi_ldiv
                0x0000000010001a38      0x424 CMakeFiles/mpu6050.dir/home/je6ndar/pico-sdk/src/rp2_common/pico_divider/divider_hardware.S.obj
                0x0000000010001a38                div_s64s64
                0x0000000010001a38                divmod_s64s64
                0x0000000010001a38                __wrap___aeabi_ldivmod
                0x0000000010001a68                div_u64u64
                0x0000000010001a68                divmod_u64u64
                0x0000000010001a68                __wrap___aeabi_uldivmod
                0x0000000010001a78                divmod_u64u64_savestate
                0x0000000010001a98                divmod_s64s64_unsafe
                0x0000000010001b20                divmod_u64u64_unsafe
 .text.__wrap___aeabi_darithmetic
                0x0000000010001e5c       0x80 CMakeFiles/mpu6050.dir/home/je6ndar/pico-sdk/src/rp2_common/pico_double/double_aeabi_rp2040.S.obj
                0x0000000010001e5c                __wrap___aeabi_drsub
                0x0000000010001e62                __wrap___aeabi_dsub
                0x0000000010001e74                __wrap___aeabi_dadd
                0x0000000010001e86                __wrap___aeabi_ddiv
                0x0000000010001ec2                __wrap___aeabi_dmul
 .text.__wrap___aeabi_cdcmple
                0x0000000010001edc       0x6c CMakeFiles/mpu6050.dir/home/je6ndar/pico-sdk/src/rp2_common/pico_double/double_aeabi_rp2040.S.obj
                0x0000000010001edc                __wrap___aeabi_cdrcmple
                0x0000000010001eec                __wrap___aeabi_cdcmple
                0x0000000010001eec                __wrap___aeabi_cdcmpeq
 .text.__wrap___aeabi_dcmplt
                0x0000000010001f48        0xc CMakeFiles/mpu6050.dir/home/je6ndar/pico-sdk/src/rp2_common/pico_double/double_aeabi_rp2040.S.obj
                0x0000000010001f48                __wrap___aeabi_dcmplt
 .text.__wrap___aeabi_dcmple
                0x0000000010001f54       0x10 CMakeFiles/mpu6050.dir/home/je6ndar/pico-sdk/src/rp2_common/pico_double/double_aeabi_rp2040.S.obj
                0x0000000010001f54                __wrap___aeabi_dcmple
 .text.__wrap___aeabi_dcmpge
                0x0000000010001f64       0x10 CMakeFiles/mpu6050.dir/home/je6ndar/pico-sdk/src/rp2_common/pico_double/double_aeabi_rp2040.S.obj
                0x0000000010001f64                __wrap___aeabi_dcmpge
 .text.__wrap___aeabi_dcmpgt
                0x0000000010001f74        0xa CMakeFiles/mpu6050.dir/home/je6ndar/pico-sdk/src/rp2_common/pico_double/double_aeabi_rp2040.S.obj
                0x0000000010001f74                __wrap___aeabi_dcmpgt
 .text.__wrap___aeabi_dcmpun
                0x0000000010001f7e       0x18 CMakeFiles/mpu6050.dir/home/je6ndar/pico-sdk/src/rp2_common/pico_double/double_aeabi_rp2040.S.obj
                0x0000000010001f7e                __wrap___aeabi_dcmpun
 *fill*         0x0000000010001f96        0x2 
 .text.__wrap___aeabi_i2d
                0x0000000010001f98       0x38 CMakeFiles/mpu6050.dir/home/je6ndar/pico-sdk/src/rp2_common/pico_double/double_aeabi_rp2040.S.obj
                0x0000000010001f98                __wrap___aeabi_ui2d
                0x0000000010001fa0                __wrap___aeabi_i2d
 .text.__wrap___aeabi_d2iz
                0x0000000010001fd0       0x48 CMakeFiles/mpu6050.dir/home/je6ndar/pico-sdk/src/rp2_common/pico_double/double_aeabi_rp2040.S.obj
                0x0000000010001fd0                __wrap___aeabi_d2iz
                0x0000000010001fd0                double2int_z
 .text.__wrap___aeabi_d2uiz
                0x0000000010002018       0x18 CMakeFiles/mpu6050.dir/home/je6ndar/pico-sdk/src/rp2_common/pico_double/double_aeabi_rp2040.S.obj
                0x0000000010002018                double2uint
                0x0000000010002018                __wrap___aeabi_d2uiz
 .text.__wrap___aeabi_d2f
                0x0000000010002030       0x18 CMakeFiles/mpu6050.dir/home/je6ndar/pico-sdk/src/rp2_common/pico_double/double_aeabi_rp2040.S.obj
                0x0000000010002030                __wrap___aeabi_d2f
 .text.__aeabi_double_init
                0x0000000010002048       0xa0 CMakeFiles/mpu6050.dir/home/je6ndar/pico-sdk/src/rp2_common/pico_double/double_init_rom_rp2040.c.obj
                0x0000000010002048                __aeabi_double_init
 .text.double_table_shim_on_use_helper
                0x00000000100020e8       0x2c CMakeFiles/mpu6050.dir/home/je6ndar/pico-sdk/src/rp2_common/pico_double/double_v1_rom_shim_rp2040.S.obj
                0x00000000100020e8                double_table_shim_on_use_helper
 .text.__wrap___aeabi_dsub
                0x0000000010002114       0x10 CMakeFiles/mpu6050.dir/home/je6ndar/pico-sdk/src/rp2_common/pico_double/double_v1_rom_shim_rp2040.S.obj
                0x0000000010002114                drsub_shim
                0x000000001000211a                dsub_shim
 .text.dadd_shim
                0x0000000010002124      0x15c CMakeFiles/mpu6050.dir/home/je6ndar/pico-sdk/src/rp2_common/pico_double/double_v1_rom_shim_rp2040.S.obj
                0x0000000010002124                dadd_shim
 .text.dmul_shim
                0x0000000010002280      0x15c CMakeFiles/mpu6050.dir/home/je6ndar/pico-sdk/src/rp2_common/pico_double/double_v1_rom_shim_rp2040.S.obj
                0x0000000010002280                dmul_shim
 .text.ddiv_shim
                0x00000000100023dc      0x1b0 CMakeFiles/mpu6050.dir/home/je6ndar/pico-sdk/src/rp2_common/pico_double/double_v1_rom_shim_rp2040.S.obj
                0x00000000100023dc                ddiv_shim
 .text.double2uint_shim
                0x000000001000258c        0xe CMakeFiles/mpu6050.dir/home/je6ndar/pico-sdk/src/rp2_common/pico_double/double_v1_rom_shim_rp2040.S.obj
                0x000000001000258c                double2uint_shim
                0x000000001000258e                double2ufix_shim
 *fill*         0x000000001000259a        0x2 
 .text.double2uint64_shim
                0x000000001000259c       0x70 CMakeFiles/mpu6050.dir/home/je6ndar/pico-sdk/src/rp2_common/pico_double/double_v1_rom_shim_rp2040.S.obj
                0x000000001000259c                double2uint64_shim
                0x000000001000259e                double2ufix64_shim
                0x00000000100025be                d2fix_a
 .text.double2float_shim
                0x000000001000260c       0x5c CMakeFiles/mpu6050.dir/home/je6ndar/pico-sdk/src/rp2_common/pico_double/double_v1_rom_shim_rp2040.S.obj
                0x000000001000260c                double2float_shim
 .text.dunpacks
                0x0000000010002668       0x3c CMakeFiles/mpu6050.dir/home/je6ndar/pico-sdk/src/rp2_common/pico_double/double_v1_rom_shim_rp2040.S.obj
                0x0000000010002668                dunpacks
 .text.__aeabi_lmul
                0x00000000100026a4       0x32 CMakeFiles/mpu6050.dir/home/je6ndar/pico-sdk/src/rp2_common/pico_int64_ops/pico_int64_ops_aeabi.S.obj
                0x00000000100026a4                __wrap___aeabi_lmul
 *fill*         0x00000000100026d6        0x2 
 .text.__wrap___aeabi_f2d
                0x00000000100026d8       0x14 CMakeFiles/mpu6050.dir/home/je6ndar/pico-sdk/src/rp2_common/pico_float/float_aeabi_rp2040.S.obj
                0x00000000100026d8                __wrap___aeabi_f2d
 .text.__aeabi_float_init
                0x00000000100026ec       0x64 CMakeFiles/mpu6050.dir/home/je6ndar/pico-sdk/src/rp2_common/pico_float/float_init_rom_rp2040.c.obj
                0x00000000100026ec                __aeabi_float_init
 .text.float_table_shim_on_use_helper
                0x0000000010002750       0x2c CMakeFiles/mpu6050.dir/home/je6ndar/pico-sdk/src/rp2_common/pico_float/float_v1_rom_shim_rp2040.S.obj
                0x0000000010002750                float_table_shim_on_use_helper
 .text.float2double_shim
                0x000000001000277c       0x30 CMakeFiles/mpu6050.dir/home/je6ndar/pico-sdk/src/rp2_common/pico_float/float_v1_rom_shim_rp2040.S.obj
                0x000000001000277c                float2double_shim
 .text          0x00000000100027ac       0x10 CMakeFiles/mpu6050.dir/home/je6ndar/pico-sdk/src/rp2_common/pico_mem_ops/mem_ops_aeabi.S.obj
                0x00000000100027ac                __aeabi_mem_init
 .text.memset   0x00000000100027bc        0xc CMakeFiles/mpu6050.dir/home/je6ndar/pico-sdk/src/rp2_common/pico_mem_ops/mem_ops_aeabi.S.obj
                0x00000000100027bc                __wrap_memset
 .text.memcpy   0x00000000100027c8        0xc CMakeFiles/mpu6050.dir/home/je6ndar/pico-sdk/src/rp2_common/pico_mem_ops/mem_ops_aeabi.S.obj
                0x00000000100027c8                __wrap___aeabi_memcpy
                0x00000000100027c8                __wrap_memcpy
 .text._out_null
                0x00000000100027d4        0x4 CMakeFiles/mpu6050.dir/home/je6ndar/pico-sdk/src/rp2_common/pico_printf/printf.c.obj
 .text._out_rev
                0x00000000100027d8       0x9c CMakeFiles/mpu6050.dir/home/je6ndar/pico-sdk/src/rp2_common/pico_printf/printf.c.obj
 .text._ntoa_format
                0x0000000010002874      0x1cc CMakeFiles/mpu6050.dir/home/je6ndar/pico-sdk/src/rp2_common/pico_printf/printf.c.obj
 .text._out_char
                0x0000000010002a40       0x10 CMakeFiles/mpu6050.dir/home/je6ndar/pico-sdk/src/rp2_common/pico_printf/printf.c.obj
 .text._out_fct
                0x0000000010002a50       0x10 CMakeFiles/mpu6050.dir/home/je6ndar/pico-sdk/src/rp2_common/pico_printf/printf.c.obj
 .text._etoa    0x0000000010002a60      0x44c CMakeFiles/mpu6050.dir/home/je6ndar/pico-sdk/src/rp2_common/pico_printf/printf.c.obj
 .text._ftoa    0x0000000010002eac      0x398 CMakeFiles/mpu6050.dir/home/je6ndar/pico-sdk/src/rp2_common/pico_printf/printf.c.obj
 .text._vsnprintf
                0x0000000010003244      0xb04 CMakeFiles/mpu6050.dir/home/je6ndar/pico-sdk/src/rp2_common/pico_printf/printf.c.obj
 .text.vfctprintf
                0x0000000010003d48       0x20 CMakeFiles/mpu6050.dir/home/je6ndar/pico-sdk/src/rp2_common/pico_printf/printf.c.obj
                0x0000000010003d48                vfctprintf
 .text.weak_raw_vprintf
                0x0000000010003d68       0x30 CMakeFiles/mpu6050.dir/home/je6ndar/pico-sdk/src/rp2_common/pico_printf/printf.c.obj
                0x0000000010003d68                weak_raw_vprintf
 .text._exit    0x0000000010003d98        0x4 CMakeFiles/mpu6050.dir/home/je6ndar/pico-sdk/src/rp2_common/pico_clib_interface/newlib_interface.c.obj
                0x0000000010003d98                _exit
 .text.exit     0x0000000010003d9c        0x8 CMakeFiles/mpu6050.dir/home/je6ndar/pico-sdk/src/rp2_common/pico_clib_interface/newlib_interface.c.obj
                0x0000000010003d9c                exit
 .text.runtime_init
                0x0000000010003da4       0x2c CMakeFiles/mpu6050.dir/home/je6ndar/pico-sdk/src/rp2_common/pico_clib_interface/newlib_interface.c.obj
                0x0000000010003da4                runtime_init
 .text.stdio_out_chars_no_crlf
                0x0000000010003dd0       0x10 CMakeFiles/mpu6050.dir/home/je6ndar/pico-sdk/src/rp2_common/pico_stdio/stdio.c.obj
 .text.stdio_out_chars_crlf
                0x0000000010003de0       0xb4 CMakeFiles/mpu6050.dir/home/je6ndar/pico-sdk/src/rp2_common/pico_stdio/stdio.c.obj
 .text.stdio_buffered_printer
                0x0000000010003e94       0x64 CMakeFiles/mpu6050.dir/home/je6ndar/pico-sdk/src/rp2_common/pico_stdio/stdio.c.obj
 .text.stdio_put_string
                0x0000000010003ef8      0x100 CMakeFiles/mpu6050.dir/home/je6ndar/pico-sdk/src/rp2_common/pico_stdio/stdio.c.obj
                0x0000000010003ef8                stdio_put_string
 .text.stdio_set_driver_enabled
                0x0000000010003ff8       0x30 CMakeFiles/mpu6050.dir/home/je6ndar/pico-sdk/src/rp2_common/pico_stdio/stdio.c.obj
                0x0000000010003ff8                stdio_set_driver_enabled
 .text.stdio_init_all
                0x0000000010004028        0x8 CMakeFiles/mpu6050.dir/home/je6ndar/pico-sdk/src/rp2_common/pico_stdio/stdio.c.obj
                0x0000000010004028                stdio_init_all
 .text.__wrap_putchar
                0x0000000010004030       0x98 CMakeFiles/mpu6050.dir/home/je6ndar/pico-sdk/src/rp2_common/pico_stdio/stdio.c.obj
                0x0000000010004030                stdio_putchar
                0x0000000010004030                __wrap_putchar
 .text.__wrap_puts
                0x00000000100040c8       0x3c CMakeFiles/mpu6050.dir/home/je6ndar/pico-sdk/src/rp2_common/pico_stdio/stdio.c.obj
                0x00000000100040c8                __wrap_puts
                0x00000000100040c8                stdio_puts
 .text.__wrap_vprintf
                0x0000000010004104       0xd8 CMakeFiles/mpu6050.dir/home/je6ndar/pico-sdk/src/rp2_common/pico_stdio/stdio.c.obj
                0x0000000010004104                __wrap_vprintf
                0x0000000010004104                stdio_vprintf
 .text.__wrap_printf
                0x00000000100041dc       0x18 CMakeFiles/mpu6050.dir/home/je6ndar/pico-sdk/src/rp2_common/pico_stdio/stdio.c.obj
                0x00000000100041dc                stdio_printf
                0x00000000100041dc                __wrap_printf
 .text.resetd_init
                0x00000000100041f4        0x4 CMakeFiles/mpu6050.dir/home/je6ndar/pico-sdk/src/rp2_common/pico_stdio_usb/reset_interface.c.obj
 .text.resetd_reset
                0x00000000100041f8        0xc CMakeFiles/mpu6050.dir/home/je6ndar/pico-sdk/src/rp2_common/pico_stdio_usb/reset_interface.c.obj
 .text.resetd_open
                0x0000000010004204       0x28 CMakeFiles/mpu6050.dir/home/je6ndar/pico-sdk/src/rp2_common/pico_stdio_usb/reset_interface.c.obj
 .text.resetd_xfer_cb
                0x000000001000422c        0x4 CMakeFiles/mpu6050.dir/home/je6ndar/pico-sdk/src/rp2_common/pico_stdio_usb/reset_interface.c.obj
 .text.resetd_control_xfer_cb
                0x0000000010004230       0x54 CMakeFiles/mpu6050.dir/home/je6ndar/pico-sdk/src/rp2_common/pico_stdio_usb/reset_interface.c.obj
 .text.tud_descriptor_bos_cb
                0x0000000010004284        0x8 CMakeFiles/mpu6050.dir/home/je6ndar/pico-sdk/src/rp2_common/pico_stdio_usb/reset_interface.c.obj
                0x0000000010004284                tud_descriptor_bos_cb
 .text.tud_vendor_control_xfer_cb
                0x000000001000428c       0x34 CMakeFiles/mpu6050.dir/home/je6ndar/pico-sdk/src/rp2_common/pico_stdio_usb/reset_interface.c.obj
                0x000000001000428c                tud_vendor_control_xfer_cb
 .text.usbd_app_driver_get_cb
                0x00000000100042c0        0xc CMakeFiles/mpu6050.dir/home/je6ndar/pico-sdk/src/rp2_common/pico_stdio_usb/reset_interface.c.obj
                0x00000000100042c0                usbd_app_driver_get_cb
 .text.tud_cdc_line_coding_cb
                0x00000000100042cc       0x28 CMakeFiles/mpu6050.dir/home/je6ndar/pico-sdk/src/rp2_common/pico_stdio_usb/reset_interface.c.obj
                0x00000000100042cc                tud_cdc_line_coding_cb
 .text.stdio_usb_set_chars_available_callback
                0x00000000100042f4       0x14 CMakeFiles/mpu6050.dir/home/je6ndar/pico-sdk/src/rp2_common/pico_stdio_usb/stdio_usb.c.obj
                0x00000000100042f4                stdio_usb_set_chars_available_callback
 .text.usb_irq  0x0000000010004308       0x10 CMakeFiles/mpu6050.dir/home/je6ndar/pico-sdk/src/rp2_common/pico_stdio_usb/stdio_usb.c.obj
 .text.timer_task
                0x0000000010004318       0x64 CMakeFiles/mpu6050.dir/home/je6ndar/pico-sdk/src/rp2_common/pico_stdio_usb/stdio_usb.c.obj
 .text.stdio_usb_in_chars
                0x000000001000437c       0x90 CMakeFiles/mpu6050.dir/home/je6ndar/pico-sdk/src/rp2_common/pico_stdio_usb/stdio_usb.c.obj
                0x000000001000437c                stdio_usb_in_chars
 .text.stdio_usb_out_flush
                0x000000001000440c       0x50 CMakeFiles/mpu6050.dir/home/je6ndar/pico-sdk/src/rp2_common/pico_stdio_usb/stdio_usb.c.obj
 .text.stdio_usb_out_chars
                0x000000001000445c      0x100 CMakeFiles/mpu6050.dir/home/je6ndar/pico-sdk/src/rp2_common/pico_stdio_usb/stdio_usb.c.obj
 .text.low_priority_worker_irq
                0x000000001000455c       0xc8 CMakeFiles/mpu6050.dir/home/je6ndar/pico-sdk/src/rp2_common/pico_stdio_usb/stdio_usb.c.obj
 .text.stdio_usb_init
                0x0000000010004624       0xe4 CMakeFiles/mpu6050.dir/home/je6ndar/pico-sdk/src/rp2_common/pico_stdio_usb/stdio_usb.c.obj
                0x0000000010004624                stdio_usb_init
 .text.tud_descriptor_device_cb
                0x0000000010004708        0x8 CMakeFiles/mpu6050.dir/home/je6ndar/pico-sdk/src/rp2_common/pico_stdio_usb/stdio_usb_descriptors.c.obj
                0x0000000010004708                tud_descriptor_device_cb
 .text.tud_descriptor_configuration_cb
                0x0000000010004710        0x8 CMakeFiles/mpu6050.dir/home/je6ndar/pico-sdk/src/rp2_common/pico_stdio_usb/stdio_usb_descriptors.c.obj
                0x0000000010004710                tud_descriptor_configuration_cb
 .text.tud_descriptor_string_cb
                0x0000000010004718       0x74 CMakeFiles/mpu6050.dir/home/je6ndar/pico-sdk/src/rp2_common/pico_stdio_usb/stdio_usb_descriptors.c.obj
                0x0000000010004718                tud_descriptor_string_cb
 .text.startup._retrieve_unique_id_on_boot
                0x000000001000478c       0x10 CMakeFiles/mpu6050.dir/home/je6ndar/pico-sdk/src/rp2_common/pico_unique_id/unique_id.c.obj
 .text.pico_get_unique_board_id_string
                0x000000001000479c      0x1a8 CMakeFiles/mpu6050.dir/home/je6ndar/pico-sdk/src/rp2_common/pico_unique_id/unique_id.c.obj
                0x000000001000479c                pico_get_unique_board_id_string
 .text.flash_get_unique_id
                0x0000000010004944       0x40 CMakeFiles/mpu6050.dir/home/je6ndar/pico-sdk/src/rp2_common/hardware_flash/flash.c.obj
                0x0000000010004944                flash_get_unique_id
 .text.dcd_init
                0x0000000010004984       0x8c CMakeFiles/mpu6050.dir/home/je6ndar/pico-sdk/lib/tinyusb/src/portable/raspberrypi/rp2040/dcd_rp2040.c.obj
                0x0000000010004984                dcd_init
 .text.dcd_int_enable
                0x0000000010004a10        0xc CMakeFiles/mpu6050.dir/home/je6ndar/pico-sdk/lib/tinyusb/src/portable/raspberrypi/rp2040/dcd_rp2040.c.obj
                0x0000000010004a10                dcd_int_enable
 .text.dcd_set_address
                0x0000000010004a1c       0x14 CMakeFiles/mpu6050.dir/home/je6ndar/pico-sdk/lib/tinyusb/src/portable/raspberrypi/rp2040/dcd_rp2040.c.obj
                0x0000000010004a1c                dcd_set_address
 .text.dcd_sof_enable
                0x0000000010004a30       0x1c CMakeFiles/mpu6050.dir/home/je6ndar/pico-sdk/lib/tinyusb/src/portable/raspberrypi/rp2040/dcd_rp2040.c.obj
                0x0000000010004a30                dcd_sof_enable
 .text.dcd_edpt0_status_complete
                0x0000000010004a4c       0x1c CMakeFiles/mpu6050.dir/home/je6ndar/pico-sdk/lib/tinyusb/src/portable/raspberrypi/rp2040/dcd_rp2040.c.obj
                0x0000000010004a4c                dcd_edpt0_status_complete
 .text.dcd_edpt_open
                0x0000000010004a68      0x108 CMakeFiles/mpu6050.dir/home/je6ndar/pico-sdk/lib/tinyusb/src/portable/raspberrypi/rp2040/dcd_rp2040.c.obj
                0x0000000010004a68                dcd_edpt_open
 .text.dcd_edpt_close_all
                0x0000000010004b70        0x8 CMakeFiles/mpu6050.dir/home/je6ndar/pico-sdk/lib/tinyusb/src/portable/raspberrypi/rp2040/dcd_rp2040.c.obj
                0x0000000010004b70                dcd_edpt_close_all
 .text.dcd_edpt_xfer
                0x0000000010004b78       0x24 CMakeFiles/mpu6050.dir/home/je6ndar/pico-sdk/lib/tinyusb/src/portable/raspberrypi/rp2040/dcd_rp2040.c.obj
                0x0000000010004b78                dcd_edpt_xfer
 .text.dcd_edpt_stall
                0x0000000010004b9c       0x38 CMakeFiles/mpu6050.dir/home/je6ndar/pico-sdk/lib/tinyusb/src/portable/raspberrypi/rp2040/dcd_rp2040.c.obj
                0x0000000010004b9c                dcd_edpt_stall
 .text.dcd_edpt_clear_stall
                0x0000000010004bd4       0x30 CMakeFiles/mpu6050.dir/home/je6ndar/pico-sdk/lib/tinyusb/src/portable/raspberrypi/rp2040/dcd_rp2040.c.obj
                0x0000000010004bd4                dcd_edpt_clear_stall
 .text.rp2040_usb_init
                0x0000000010004c04       0x40 CMakeFiles/mpu6050.dir/home/je6ndar/pico-sdk/lib/tinyusb/src/portable/raspberrypi/rp2040/rp2040_usb.c.obj
                0x0000000010004c04                rp2040_usb_init
 .text.hw_endpoint_xfer_start
                0x0000000010004c44       0x50 CMakeFiles/mpu6050.dir/home/je6ndar/pico-sdk/lib/tinyusb/src/portable/raspberrypi/rp2040/rp2040_usb.c.obj
                0x0000000010004c44                hw_endpoint_xfer_start
 .text.tud_event_hook_cb
                0x0000000010004c94        0x4 CMakeFiles/mpu6050.dir/home/je6ndar/pico-sdk/lib/tinyusb/src/device/usbd.c.obj
                0x0000000010004c94                tud_event_hook_cb
 .text.tud_sof_cb
                0x0000000010004c98        0x4 CMakeFiles/mpu6050.dir/home/je6ndar/pico-sdk/lib/tinyusb/src/device/usbd.c.obj
                0x0000000010004c98                tud_sof_cb
 .text.tud_descriptor_device_qualifier_cb
                0x0000000010004c9c        0x4 CMakeFiles/mpu6050.dir/home/je6ndar/pico-sdk/lib/tinyusb/src/device/usbd.c.obj
                0x0000000010004c9c                tud_descriptor_device_qualifier_cb
 .text.tud_descriptor_other_speed_configuration_cb
                0x0000000010004ca0        0x4 CMakeFiles/mpu6050.dir/home/je6ndar/pico-sdk/lib/tinyusb/src/device/usbd.c.obj
                0x0000000010004ca0                tud_descriptor_other_speed_configuration_cb
 .text.tud_mount_cb
                0x0000000010004ca4        0x4 CMakeFiles/mpu6050.dir/home/je6ndar/pico-sdk/lib/tinyusb/src/device/usbd.c.obj
                0x0000000010004ca4                tud_mount_cb
 .text.tud_umount_cb
                0x0000000010004ca8        0x4 CMakeFiles/mpu6050.dir/home/je6ndar/pico-sdk/lib/tinyusb/src/device/usbd.c.obj
                0x0000000010004ca8                tud_umount_cb
 .text.tud_suspend_cb
                0x0000000010004cac        0x4 CMakeFiles/mpu6050.dir/home/je6ndar/pico-sdk/lib/tinyusb/src/device/usbd.c.obj
                0x0000000010004cac                tud_suspend_cb
 .text.tud_resume_cb
                0x0000000010004cb0        0x4 CMakeFiles/mpu6050.dir/home/je6ndar/pico-sdk/lib/tinyusb/src/device/usbd.c.obj
                0x0000000010004cb0                tud_resume_cb
 .text.tud_mounted
                0x0000000010004cb4       0x10 CMakeFiles/mpu6050.dir/home/je6ndar/pico-sdk/lib/tinyusb/src/device/usbd.c.obj
                0x0000000010004cb4                tud_mounted
 .text.tud_suspended
                0x0000000010004cc4       0x10 CMakeFiles/mpu6050.dir/home/je6ndar/pico-sdk/lib/tinyusb/src/device/usbd.c.obj
                0x0000000010004cc4                tud_suspended
 .text.tud_init
                0x0000000010004cd4       0xe4 CMakeFiles/mpu6050.dir/home/je6ndar/pico-sdk/lib/tinyusb/src/device/usbd.c.obj
                0x0000000010004cd4                tud_init
 .text.tud_task_ext
                0x0000000010004db8      0x800 CMakeFiles/mpu6050.dir/home/je6ndar/pico-sdk/lib/tinyusb/src/device/usbd.c.obj
                0x0000000010004db8                tud_task_ext
 .text.usbd_open_edpt_pair
                0x00000000100055b8       0x9c CMakeFiles/mpu6050.dir/home/je6ndar/pico-sdk/lib/tinyusb/src/device/usbd.c.obj
                0x00000000100055b8                usbd_open_edpt_pair
 .text.usbd_edpt_open
                0x0000000010005654       0x34 CMakeFiles/mpu6050.dir/home/je6ndar/pico-sdk/lib/tinyusb/src/device/usbd.c.obj
                0x0000000010005654                usbd_edpt_open
 .text.usbd_edpt_claim
                0x0000000010005688       0x28 CMakeFiles/mpu6050.dir/home/je6ndar/pico-sdk/lib/tinyusb/src/device/usbd.c.obj
                0x0000000010005688                usbd_edpt_claim
 .text.usbd_edpt_release
                0x00000000100056b0       0x28 CMakeFiles/mpu6050.dir/home/je6ndar/pico-sdk/lib/tinyusb/src/device/usbd.c.obj
                0x00000000100056b0                usbd_edpt_release
 .text.usbd_edpt_xfer
                0x00000000100056d8       0x4c CMakeFiles/mpu6050.dir/home/je6ndar/pico-sdk/lib/tinyusb/src/device/usbd.c.obj
                0x00000000100056d8                usbd_edpt_xfer
 .text.tud_control_status
                0x0000000010005724       0x30 CMakeFiles/mpu6050.dir/home/je6ndar/pico-sdk/lib/tinyusb/src/device/usbd_control.c.obj
                0x0000000010005724                tud_control_status
 .text.tud_control_xfer
                0x0000000010005754       0xbc CMakeFiles/mpu6050.dir/home/je6ndar/pico-sdk/lib/tinyusb/src/device/usbd_control.c.obj
                0x0000000010005754                tud_control_xfer
 .text.usbd_control_reset
                0x0000000010005810       0x14 CMakeFiles/mpu6050.dir/home/je6ndar/pico-sdk/lib/tinyusb/src/device/usbd_control.c.obj
                0x0000000010005810                usbd_control_reset
 .text.usbd_control_set_complete_callback
                0x0000000010005824        0xc CMakeFiles/mpu6050.dir/home/je6ndar/pico-sdk/lib/tinyusb/src/device/usbd_control.c.obj
                0x0000000010005824                usbd_control_set_complete_callback
 .text.usbd_control_set_request
                0x0000000010005830       0x1c CMakeFiles/mpu6050.dir/home/je6ndar/pico-sdk/lib/tinyusb/src/device/usbd_control.c.obj
                0x0000000010005830                usbd_control_set_request
 .text.usbd_control_xfer_cb
                0x000000001000584c       0xf0 CMakeFiles/mpu6050.dir/home/je6ndar/pico-sdk/lib/tinyusb/src/device/usbd_control.c.obj
                0x000000001000584c                usbd_control_xfer_cb
 .text._prep_out_transaction.isra.0
                0x000000001000593c       0x5c CMakeFiles/mpu6050.dir/home/je6ndar/pico-sdk/lib/tinyusb/src/class/cdc/cdc_device.c.obj
 .text.tud_cdc_n_connected
                0x0000000010005998       0x30 CMakeFiles/mpu6050.dir/home/je6ndar/pico-sdk/lib/tinyusb/src/class/cdc/cdc_device.c.obj
                0x0000000010005998                tud_cdc_n_connected
 .text.tud_cdc_n_available
                0x00000000100059c8       0x18 CMakeFiles/mpu6050.dir/home/je6ndar/pico-sdk/lib/tinyusb/src/class/cdc/cdc_device.c.obj
                0x00000000100059c8                tud_cdc_n_available
 .text.tud_cdc_n_read
                0x00000000100059e0       0x98 CMakeFiles/mpu6050.dir/home/je6ndar/pico-sdk/lib/tinyusb/src/class/cdc/cdc_device.c.obj
                0x00000000100059e0                tud_cdc_n_read
 .text.tud_cdc_n_write_flush
                0x0000000010005a78       0x78 CMakeFiles/mpu6050.dir/home/je6ndar/pico-sdk/lib/tinyusb/src/class/cdc/cdc_device.c.obj
                0x0000000010005a78                tud_cdc_n_write_flush
 .text.tud_cdc_n_write
                0x0000000010005af0       0x44 CMakeFiles/mpu6050.dir/home/je6ndar/pico-sdk/lib/tinyusb/src/class/cdc/cdc_device.c.obj
                0x0000000010005af0                tud_cdc_n_write
 .text.tud_cdc_n_write_available
                0x0000000010005b34       0x18 CMakeFiles/mpu6050.dir/home/je6ndar/pico-sdk/lib/tinyusb/src/class/cdc/cdc_device.c.obj
                0x0000000010005b34                tud_cdc_n_write_available
 .text.cdcd_init
                0x0000000010005b4c       0x7c CMakeFiles/mpu6050.dir/home/je6ndar/pico-sdk/lib/tinyusb/src/class/cdc/cdc_device.c.obj
                0x0000000010005b4c                cdcd_init
 .text.cdcd_deinit
                0x0000000010005bc8       0x24 CMakeFiles/mpu6050.dir/home/je6ndar/pico-sdk/lib/tinyusb/src/class/cdc/cdc_device.c.obj
                0x0000000010005bc8                cdcd_deinit
 .text.cdcd_reset
                0x0000000010005bec       0x4c CMakeFiles/mpu6050.dir/home/je6ndar/pico-sdk/lib/tinyusb/src/class/cdc/cdc_device.c.obj
                0x0000000010005bec                cdcd_reset
 .text.cdcd_open
                0x0000000010005c38       0xb4 CMakeFiles/mpu6050.dir/home/je6ndar/pico-sdk/lib/tinyusb/src/class/cdc/cdc_device.c.obj
                0x0000000010005c38                cdcd_open
 .text.cdcd_control_xfer_cb
                0x0000000010005cec       0xe4 CMakeFiles/mpu6050.dir/home/je6ndar/pico-sdk/lib/tinyusb/src/class/cdc/cdc_device.c.obj
                0x0000000010005cec                cdcd_control_xfer_cb
 .text.cdcd_xfer_cb
                0x0000000010005dd0       0xfc CMakeFiles/mpu6050.dir/home/je6ndar/pico-sdk/lib/tinyusb/src/class/cdc/cdc_device.c.obj
                0x0000000010005dd0                cdcd_xfer_cb
 .text.tud_vendor_n_write_flush
                0x0000000010005ecc       0x78 CMakeFiles/mpu6050.dir/home/je6ndar/pico-sdk/lib/tinyusb/src/class/vendor/vendor_device.c.obj
                0x0000000010005ecc                tud_vendor_n_write_flush
 .text.vendord_init
                0x0000000010005f44       0x64 CMakeFiles/mpu6050.dir/home/je6ndar/pico-sdk/lib/tinyusb/src/class/vendor/vendor_device.c.obj
                0x0000000010005f44                vendord_init
 .text.vendord_deinit
                0x0000000010005fa8       0x24 CMakeFiles/mpu6050.dir/home/je6ndar/pico-sdk/lib/tinyusb/src/class/vendor/vendor_device.c.obj
                0x0000000010005fa8                vendord_deinit
 .text.vendord_reset
                0x0000000010005fcc       0x1c CMakeFiles/mpu6050.dir/home/je6ndar/pico-sdk/lib/tinyusb/src/class/vendor/vendor_device.c.obj
                0x0000000010005fcc                vendord_reset
 .text.vendord_open
                0x0000000010005fe8       0xc8 CMakeFiles/mpu6050.dir/home/je6ndar/pico-sdk/lib/tinyusb/src/class/vendor/vendor_device.c.obj
                0x0000000010005fe8                vendord_open
 .text.vendord_xfer_cb
                0x00000000100060b0       0xc8 CMakeFiles/mpu6050.dir/home/je6ndar/pico-sdk/lib/tinyusb/src/class/vendor/vendor_device.c.obj
                0x00000000100060b0                vendord_xfer_cb
 .text.tusb_init
                0x0000000010006178        0xc CMakeFiles/mpu6050.dir/home/je6ndar/pico-sdk/lib/tinyusb/src/tusb.c.obj
                0x0000000010006178                tusb_init
 .text.tu_edpt_claim
                0x0000000010006184       0x50 CMakeFiles/mpu6050.dir/home/je6ndar/pico-sdk/lib/tinyusb/src/tusb.c.obj
                0x0000000010006184                tu_edpt_claim
 .text.tu_edpt_release
                0x00000000100061d4       0x38 CMakeFiles/mpu6050.dir/home/je6ndar/pico-sdk/lib/tinyusb/src/tusb.c.obj
                0x00000000100061d4                tu_edpt_release
 .text.tu_edpt_validate
                0x000000001000620c       0x78 CMakeFiles/mpu6050.dir/home/je6ndar/pico-sdk/lib/tinyusb/src/tusb.c.obj
                0x000000001000620c                tu_edpt_validate
 .text.tu_edpt_bind_driver
                0x0000000010006284       0x34 CMakeFiles/mpu6050.dir/home/je6ndar/pico-sdk/lib/tinyusb/src/tusb.c.obj
                0x0000000010006284                tu_edpt_bind_driver
 .text.tu_fifo_config
                0x00000000100062b8       0x70 CMakeFiles/mpu6050.dir/home/je6ndar/pico-sdk/lib/tinyusb/src/common/tusb_fifo.c.obj
                0x00000000100062b8                tu_fifo_config
 .text.tu_fifo_count
                0x0000000010006328       0x2c CMakeFiles/mpu6050.dir/home/je6ndar/pico-sdk/lib/tinyusb/src/common/tusb_fifo.c.obj
                0x0000000010006328                tu_fifo_count
 .text.tu_fifo_empty
                0x0000000010006354       0x10 CMakeFiles/mpu6050.dir/home/je6ndar/pico-sdk/lib/tinyusb/src/common/tusb_fifo.c.obj
                0x0000000010006354                tu_fifo_empty
 .text.tu_fifo_remaining
                0x0000000010006364       0x2c CMakeFiles/mpu6050.dir/home/je6ndar/pico-sdk/lib/tinyusb/src/common/tusb_fifo.c.obj
                0x0000000010006364                tu_fifo_remaining
 .text.tu_fifo_read
                0x0000000010006390       0xa0 CMakeFiles/mpu6050.dir/home/je6ndar/pico-sdk/lib/tinyusb/src/common/tusb_fifo.c.obj
                0x0000000010006390                tu_fifo_read
 .text.tu_fifo_read_n
                0x0000000010006430       0xec CMakeFiles/mpu6050.dir/home/je6ndar/pico-sdk/lib/tinyusb/src/common/tusb_fifo.c.obj
                0x0000000010006430                tu_fifo_read_n
 .text.tu_fifo_write
                0x000000001000651c       0x88 CMakeFiles/mpu6050.dir/home/je6ndar/pico-sdk/lib/tinyusb/src/common/tusb_fifo.c.obj
                0x000000001000651c                tu_fifo_write
 .text.tu_fifo_write_n
                0x00000000100065a4      0x168 CMakeFiles/mpu6050.dir/home/je6ndar/pico-sdk/lib/tinyusb/src/common/tusb_fifo.c.obj
                0x00000000100065a4                tu_fifo_write_n
 .text.tu_fifo_clear
                0x000000001000670c       0x40 CMakeFiles/mpu6050.dir/home/je6ndar/pico-sdk/lib/tinyusb/src/common/tusb_fifo.c.obj
                0x000000001000670c                tu_fifo_clear
 .text.tu_fifo_set_overwritable
                0x000000001000674c       0x48 CMakeFiles/mpu6050.dir/home/je6ndar/pico-sdk/lib/tinyusb/src/common/tusb_fifo.c.obj
                0x000000001000674c                tu_fifo_set_overwritable
 .text.i2c_set_baudrate
                0x0000000010006794       0xc0 CMakeFiles/mpu6050.dir/home/je6ndar/pico-sdk/src/rp2_common/hardware_i2c/i2c.c.obj
                0x0000000010006794                i2c_set_baudrate
 .text.i2c_init
                0x0000000010006854       0x54 CMakeFiles/mpu6050.dir/home/je6ndar/pico-sdk/src/rp2_common/hardware_i2c/i2c.c.obj
                0x0000000010006854                i2c_init
 .text.i2c_write_blocking
                0x00000000100068a8       0xd0 CMakeFiles/mpu6050.dir/home/je6ndar/pico-sdk/src/rp2_common/hardware_i2c/i2c.c.obj
                0x00000000100068a8                i2c_write_blocking
 .text.i2c_read_blocking
                0x0000000010006978       0xac CMakeFiles/mpu6050.dir/home/je6ndar/pico-sdk/src/rp2_common/hardware_i2c/i2c.c.obj
                0x0000000010006978                i2c_read_blocking
 .text.strlen   0x0000000010006a24       0x5c /opt/gcc-arm-none-eabi-10-2020-q4-major/bin/../lib/gcc/arm-none-eabi/10.2.1/../../../../arm-none-eabi/lib/thumb/v6-m/nofp/libg.a(lib_a-strlen-stub.o)
                0x0000000010006a24                strlen
 *(.fini)
 .fini          0x0000000010006a80        0x4 /opt/gcc-arm-none-eabi-10-2020-q4-major/bin/../lib/gcc/arm-none-eabi/10.2.1/thumb/v6-m/nofp/crti.o
                0x0000000010006a80                _fini
 *fill*         0x0000000010006a84        0x4 
 .fini.__stub   0x0000000010006a88       0xd0 linker stubs
 *crtbegin.o(.ctors)
 *crtbegin?.o(.ctors)
 *(EXCLUDE_FILE(*crtend.o *crtend?.o) .ctors)
 *(SORT_BY_NAME(.ctors.*))
 *(.ctors)
 *crtbegin.o(.dtors)
 *crtbegin?.o(.dtors)
 *(EXCLUDE_FILE(*crtend.o *crtend?.o) .dtors)
 *(SORT_BY_NAME(.dtors.*))
 *(.dtors)
                0x0000000010006b58                . = ALIGN (0x4)
                0x0000000010006b58                PROVIDE (__preinit_array_start = .)
 *(SORT_BY_NAME(.preinit_array.*))
 .preinit_array.00100
                0x0000000010006b58        0x4 CMakeFiles/mpu6050.dir/home/je6ndar/pico-sdk/src/rp2_common/pico_runtime_init/runtime_init.c.obj
                0x0000000010006b58                __pre_init_runtime_init_early_resets
 .preinit_array.00101
                0x0000000010006b5c        0x4 CMakeFiles/mpu6050.dir/home/je6ndar/pico-sdk/src/rp2_common/pico_runtime_init/runtime_init.c.obj
                0x0000000010006b5c                __pre_init_runtime_init_usb_power_down
 .preinit_array.00275
                0x0000000010006b60        0x4 CMakeFiles/mpu6050.dir/home/je6ndar/pico-sdk/src/rp2_common/pico_bit_ops/bit_ops_aeabi.S.obj
 .preinit_array.00300
                0x0000000010006b64        0x4 CMakeFiles/mpu6050.dir/home/je6ndar/pico-sdk/src/rp2_common/pico_mem_ops/mem_ops_aeabi.S.obj
 .preinit_array.00350
                0x0000000010006b68        0x4 CMakeFiles/mpu6050.dir/home/je6ndar/pico-sdk/src/rp2_common/pico_double/double_aeabi_rp2040.S.obj
 .preinit_array.00350
                0x0000000010006b6c        0x4 CMakeFiles/mpu6050.dir/home/je6ndar/pico-sdk/src/rp2_common/pico_float/float_aeabi_rp2040.S.obj
 .preinit_array.00500
                0x0000000010006b70        0x4 CMakeFiles/mpu6050.dir/home/je6ndar/pico-sdk/src/rp2_common/pico_runtime_init/runtime_init.c.obj
                0x0000000010006b70                __pre_init_runtime_init_clocks
 .preinit_array.00600
                0x0000000010006b74        0x4 CMakeFiles/mpu6050.dir/home/je6ndar/pico-sdk/src/rp2_common/pico_runtime_init/runtime_init.c.obj
                0x0000000010006b74                __pre_init_runtime_init_post_clock_resets
 .preinit_array.00700
                0x0000000010006b78        0x4 CMakeFiles/mpu6050.dir/home/je6ndar/pico-sdk/src/rp2_common/pico_runtime_init/runtime_init.c.obj
                0x0000000010006b78                __pre_init_runtime_init_rp2040_gpio_ie_disable
 .preinit_array.01000
                0x0000000010006b7c        0x4 CMakeFiles/mpu6050.dir/home/je6ndar/pico-sdk/src/rp2_common/pico_runtime_init/runtime_init.c.obj
                0x0000000010006b7c                __pre_init_runtime_init_spin_locks_reset
 .preinit_array.01100
                0x0000000010006b80        0x4 CMakeFiles/mpu6050.dir/home/je6ndar/pico-sdk/src/common/pico_sync/mutex.c.obj
                0x0000000010006b80                __pre_init_runtime_init_mutex
 .preinit_array.10080
                0x0000000010006b84        0x4 CMakeFiles/mpu6050.dir/home/je6ndar/pico-sdk/src/rp2_common/pico_runtime_init/runtime_init.c.obj
                0x0000000010006b84                __pre_init_runtime_init_install_ram_vector_table
 .preinit_array.11000
                0x0000000010006b88        0x4 CMakeFiles/mpu6050.dir/home/je6ndar/pico-sdk/src/common/pico_time/time.c.obj
                0x0000000010006b88                __pre_init_runtime_init_default_alarm_pool
 .preinit_array.YYYYY
                0x0000000010006b8c        0x4 CMakeFiles/mpu6050.dir/home/je6ndar/pico-sdk/src/rp2_common/pico_runtime/runtime.c.obj
                0x0000000010006b8c                __pre_init_first_per_core_initializer
 .preinit_array.ZZZZZ.01200
                0x0000000010006b90        0x4 CMakeFiles/mpu6050.dir/home/je6ndar/pico-sdk/src/rp2_common/hardware_irq/irq.c.obj
                0x0000000010006b90                __pre_init_runtime_init_per_core_irq_priorities
 *(.preinit_array)
                0x0000000010006b94                PROVIDE (__preinit_array_end = .)
                0x0000000010006b94                . = ALIGN (0x4)
                0x0000000010006b94                PROVIDE (__init_array_start = .)
 *(SORT_BY_NAME(.init_array.*))
 *(.init_array)
 .init_array    0x0000000010006b94        0x4 /opt/gcc-arm-none-eabi-10-2020-q4-major/bin/../lib/gcc/arm-none-eabi/10.2.1/thumb/v6-m/nofp/crtbegin.o
 .init_array    0x0000000010006b98        0x4 CMakeFiles/mpu6050.dir/src/mpu6050.cpp.obj
 .init_array    0x0000000010006b9c        0x4 CMakeFiles/mpu6050.dir/home/je6ndar/pico-sdk/src/rp2_common/pico_unique_id/unique_id.c.obj
                0x0000000010006ba0                PROVIDE (__init_array_end = .)
                0x0000000010006ba0                . = ALIGN (0x4)
                [!provide]                        PROVIDE (__fini_array_start = .)
 *(SORT_BY_NAME(.fini_array.*))
 *(.fini_array)
                [!provide]                        PROVIDE (__fini_array_end = .)
 *(.eh_frame*)
 .eh_frame      0x0000000010006ba0        0x0 /opt/gcc-arm-none-eabi-10-2020-q4-major/bin/../lib/gcc/arm-none-eabi/10.2.1/thumb/v6-m/nofp/crtbegin.o
                0x0000000010006ba0                . = ALIGN (0x4)

.glue_7         0x0000000010006ba0        0x0
 .glue_7        0x0000000010006ba0        0x0 linker stubs

.glue_7t        0x0000000010006ba0        0x0
 .glue_7t       0x0000000010006ba0        0x0 linker stubs

.vfp11_veneer   0x0000000010006ba0        0x0
 .vfp11_veneer  0x0000000010006ba0        0x0 linker stubs

.v4_bx          0x0000000010006ba0        0x0
 .v4_bx         0x0000000010006ba0        0x0 linker stubs

.iplt           0x0000000010006ba0        0x0
 .iplt          0x0000000010006ba0        0x0 /opt/gcc-arm-none-eabi-10-2020-q4-major/bin/../lib/gcc/arm-none-eabi/10.2.1/thumb/v6-m/nofp/crtbegin.o

.rodata         0x0000000010006ba0      0x6d0
 *(EXCLUDE_FILE(*libm.a: *libc.a:*lib_a-mem*.o *libgcc.a:) .rodata*)
 .rodata.main.str1.4
                0x0000000010006ba0       0x9b CMakeFiles/mpu6050.dir/src/mpu6050.cpp.obj
 *fill*         0x0000000010006c3b        0x1 
 .rodata.panic.str1.4
                0x0000000010006c3c       0x10 CMakeFiles/mpu6050.dir/home/je6ndar/pico-sdk/src/rp2_common/pico_platform_panic/panic.c.obj
                                         0x12 (size before relaxing)
 .rodata.spin_lock_claim_unused.str1.4
                0x0000000010006c4c       0x1b CMakeFiles/mpu6050.dir/home/je6ndar/pico-sdk/src/rp2_common/hardware_sync/sync.c.obj
 *fill*         0x0000000010006c67        0x1 
 .rodata.user_irq_claim_unused.str1.4
                0x0000000010006c68       0x1b CMakeFiles/mpu6050.dir/home/je6ndar/pico-sdk/src/rp2_common/hardware_irq/irq.c.obj
 *fill*         0x0000000010006c83        0x1 
 .rodata.timer_hardware_alarm_claim.str1.4
                0x0000000010006c84       0x22 CMakeFiles/mpu6050.dir/home/je6ndar/pico-sdk/src/rp2_common/hardware_timer/timer.c.obj
 *fill*         0x0000000010006ca6        0x2 
 .rodata.hard_assertion_failure.str1.4
                0x0000000010006ca8        0xc CMakeFiles/mpu6050.dir/home/je6ndar/pico-sdk/src/rp2_common/pico_runtime/runtime.c.obj
 .rodata.str1.4
                0x0000000010006cb4       0x2c CMakeFiles/mpu6050.dir/home/je6ndar/pico-sdk/src/rp2_common/pico_standard_binary_info/standard_binary_info.c.obj
 .rodata.__bi_26
                0x0000000010006ce0        0xc CMakeFiles/mpu6050.dir/home/je6ndar/pico-sdk/src/rp2_common/pico_standard_binary_info/standard_binary_info.c.obj
 .rodata.__bi_34
                0x0000000010006cec        0xc CMakeFiles/mpu6050.dir/home/je6ndar/pico-sdk/src/rp2_common/pico_standard_binary_info/standard_binary_info.c.obj
 .rodata.__bi_42
                0x0000000010006cf8        0xc CMakeFiles/mpu6050.dir/home/je6ndar/pico-sdk/src/rp2_common/pico_standard_binary_info/standard_binary_info.c.obj
 .rodata.__bi_48
                0x0000000010006d04        0xc CMakeFiles/mpu6050.dir/home/je6ndar/pico-sdk/src/rp2_common/pico_standard_binary_info/standard_binary_info.c.obj
 .rodata.__bi_54
                0x0000000010006d10        0xc CMakeFiles/mpu6050.dir/home/je6ndar/pico-sdk/src/rp2_common/pico_standard_binary_info/standard_binary_info.c.obj
 .rodata.__bi_84
                0x0000000010006d1c        0xc CMakeFiles/mpu6050.dir/home/je6ndar/pico-sdk/src/rp2_common/pico_standard_binary_info/standard_binary_info.c.obj
 .rodata._ftoa.str1.4
                0x0000000010006d28       0x15 CMakeFiles/mpu6050.dir/home/je6ndar/pico-sdk/src/rp2_common/pico_printf/printf.c.obj
 *fill*         0x0000000010006d3d        0x3 
 .rodata._vsnprintf
                0x0000000010006d40      0x1e0 CMakeFiles/mpu6050.dir/home/je6ndar/pico-sdk/src/rp2_common/pico_printf/printf.c.obj
 .rodata.pow10.0
                0x0000000010006f20       0x50 CMakeFiles/mpu6050.dir/home/je6ndar/pico-sdk/src/rp2_common/pico_printf/printf.c.obj
 .rodata.crlf_str.0
                0x0000000010006f70        0x2 CMakeFiles/mpu6050.dir/home/je6ndar/pico-sdk/src/rp2_common/pico_stdio/stdio.c.obj
 *fill*         0x0000000010006f72        0x2 
 .rodata._resetd_driver
                0x0000000010006f74       0x20 CMakeFiles/mpu6050.dir/home/je6ndar/pico-sdk/src/rp2_common/pico_stdio_usb/reset_interface.c.obj
 .rodata.desc_bos
                0x0000000010006f94       0x21 CMakeFiles/mpu6050.dir/home/je6ndar/pico-sdk/src/rp2_common/pico_stdio_usb/reset_interface.c.obj
                0x0000000010006f94                desc_bos
 *fill*         0x0000000010006fb5        0x3 
 .rodata.desc_ms_os_20
                0x0000000010006fb8       0xa6 CMakeFiles/mpu6050.dir/home/je6ndar/pico-sdk/src/rp2_common/pico_stdio_usb/reset_interface.c.obj
 *fill*         0x000000001000705e        0x2 
 .rodata.str1.4
                0x0000000010007060       0x13 CMakeFiles/mpu6050.dir/home/je6ndar/pico-sdk/src/rp2_common/pico_stdio_usb/stdio_usb.c.obj
 *fill*         0x0000000010007073        0x1 
 .rodata.__bi_197.0
                0x0000000010007074        0xc CMakeFiles/mpu6050.dir/home/je6ndar/pico-sdk/src/rp2_common/pico_stdio_usb/stdio_usb.c.obj
 .rodata.str1.4
                0x0000000010007080       0x2a CMakeFiles/mpu6050.dir/home/je6ndar/pico-sdk/src/rp2_common/pico_stdio_usb/stdio_usb_descriptors.c.obj
 *fill*         0x00000000100070aa        0x2 
 .rodata.usbd_desc_cfg
                0x00000000100070ac       0x54 CMakeFiles/mpu6050.dir/home/je6ndar/pico-sdk/src/rp2_common/pico_stdio_usb/stdio_usb_descriptors.c.obj
 .rodata.usbd_desc_device
                0x0000000010007100       0x12 CMakeFiles/mpu6050.dir/home/je6ndar/pico-sdk/src/rp2_common/pico_stdio_usb/stdio_usb_descriptors.c.obj
 *fill*         0x0000000010007112        0x2 
 .rodata.usbd_desc_str
                0x0000000010007114       0x18 CMakeFiles/mpu6050.dir/home/je6ndar/pico-sdk/src/rp2_common/pico_stdio_usb/stdio_usb_descriptors.c.obj
 .rodata.str1.4
                0x000000001000712c       0x14 CMakeFiles/mpu6050.dir/home/je6ndar/pico-sdk/lib/tinyusb/src/portable/raspberrypi/rp2040/dcd_rp2040.c.obj
 .rodata.str1.4
                0x0000000010007140       0x48 CMakeFiles/mpu6050.dir/home/je6ndar/pico-sdk/lib/tinyusb/src/portable/raspberrypi/rp2040/rp2040_usb.c.obj
 .rodata.tud_task_ext
                0x0000000010007188       0x8c CMakeFiles/mpu6050.dir/home/je6ndar/pico-sdk/lib/tinyusb/src/device/usbd.c.obj
 .rodata        0x0000000010007214       0x1c CMakeFiles/mpu6050.dir/home/je6ndar/pico-sdk/lib/tinyusb/src/device/usbd.c.obj
 .rodata._usbd_driver
                0x0000000010007230       0x40 CMakeFiles/mpu6050.dir/home/je6ndar/pico-sdk/lib/tinyusb/src/device/usbd.c.obj
                0x0000000010007270                . = ALIGN (0x4)
 *(SORT_BY_ALIGNMENT(SORT_BY_NAME(.flashdata*)))
                0x0000000010007270                . = ALIGN (0x4)

.ARM.extab
 *(.ARM.extab* .gnu.linkonce.armextab.*)
                0x0000000010007270                __exidx_start = .

.ARM.exidx
 *(.ARM.exidx* .gnu.linkonce.armexidx.*)
                0x0000000010007270                __exidx_end = .
                0x0000000010007270                . = ALIGN (0x4)
                0x0000000010007270                __binary_info_start = .

.binary_info    0x0000000010007270       0x1c
 *(.binary_info.keep.*)
 .binary_info.keep.__bi_ptr26
                0x0000000010007270        0x4 CMakeFiles/mpu6050.dir/home/je6ndar/pico-sdk/src/rp2_common/pico_standard_binary_info/standard_binary_info.c.obj
 .binary_info.keep.__bi_ptr34
                0x0000000010007274        0x4 CMakeFiles/mpu6050.dir/home/je6ndar/pico-sdk/src/rp2_common/pico_standard_binary_info/standard_binary_info.c.obj
 .binary_info.keep.__bi_ptr42
                0x0000000010007278        0x4 CMakeFiles/mpu6050.dir/home/je6ndar/pico-sdk/src/rp2_common/pico_standard_binary_info/standard_binary_info.c.obj
 .binary_info.keep.__bi_ptr48
                0x000000001000727c        0x4 CMakeFiles/mpu6050.dir/home/je6ndar/pico-sdk/src/rp2_common/pico_standard_binary_info/standard_binary_info.c.obj
 .binary_info.keep.__bi_ptr54
                0x0000000010007280        0x4 CMakeFiles/mpu6050.dir/home/je6ndar/pico-sdk/src/rp2_common/pico_standard_binary_info/standard_binary_info.c.obj
 .binary_info.keep.__bi_ptr84
                0x0000000010007284        0x4 CMakeFiles/mpu6050.dir/home/je6ndar/pico-sdk/src/rp2_common/pico_standard_binary_info/standard_binary_info.c.obj
 *(.binary_info.*)
 .binary_info.__bi_ptr197
                0x0000000010007288        0x4 CMakeFiles/mpu6050.dir/home/je6ndar/pico-sdk/src/rp2_common/pico_stdio_usb/stdio_usb.c.obj
                0x000000001000728c                __binary_info_end = .

.rel.dyn        0x000000001000728c        0x0
 .rel.iplt      0x000000001000728c        0x0 /opt/gcc-arm-none-eabi-10-2020-q4-major/bin/../lib/gcc/arm-none-eabi/10.2.1/thumb/v6-m/nofp/crtbegin.o
                0x000000001000728c                . = ALIGN (0x4)

.ram_vector_table
                0x0000000020000000       0xc0
 *(.ram_vector_table)
 .ram_vector_table
                0x0000000020000000       0xc0 CMakeFiles/mpu6050.dir/home/je6ndar/pico-sdk/src/rp2_common/pico_runtime_init/runtime_init.c.obj
                0x0000000020000000                ram_vector_table

.uninitialized_data
                0x00000000200000c0        0x0
                0x00000000200000c0                . = ALIGN (0x4)
 *(.uninitialized_data*)

.data           0x00000000200000c0     0x1008 load address 0x000000001000728c
                0x00000000200000c0                __data_start__ = .
 *(vtable)
 *(.time_critical*)
 .time_critical.mutex_try_enter
                0x00000000200000c0       0x44 CMakeFiles/mpu6050.dir/home/je6ndar/pico-sdk/src/common/pico_sync/mutex.c.obj
                0x00000000200000c0                mutex_try_enter
 .time_critical.mutex_try_enter_block_until
                0x0000000020000104       0x9c CMakeFiles/mpu6050.dir/home/je6ndar/pico-sdk/src/common/pico_sync/mutex.c.obj
                0x0000000020000104                mutex_try_enter_block_until
 .time_critical.mutex_enter_timeout_ms
                0x00000000200001a0       0x90 CMakeFiles/mpu6050.dir/home/je6ndar/pico-sdk/src/common/pico_sync/mutex.c.obj
                0x00000000200001a0                mutex_enter_timeout_ms
 .time_critical.mutex_exit
                0x0000000020000230       0x28 CMakeFiles/mpu6050.dir/home/je6ndar/pico-sdk/src/common/pico_sync/mutex.c.obj
                0x0000000020000230                mutex_exit
 .time_critical.flash_init_boot2_copyout
                0x0000000020000258       0x30 CMakeFiles/mpu6050.dir/home/je6ndar/pico-sdk/src/rp2_common/hardware_flash/flash.c.obj
 .time_critical.flash_enable_xip_via_boot2
                0x0000000020000288       0x10 CMakeFiles/mpu6050.dir/home/je6ndar/pico-sdk/src/rp2_common/hardware_flash/flash.c.obj
 .time_critical.flash_cs_force
                0x0000000020000298       0x38 CMakeFiles/mpu6050.dir/home/je6ndar/pico-sdk/src/rp2_common/hardware_flash/flash.c.obj
 .time_critical.flash_do_cmd
                0x00000000200002d0       0xc4 CMakeFiles/mpu6050.dir/home/je6ndar/pico-sdk/src/rp2_common/hardware_flash/flash.c.obj
                0x00000000200002d0                flash_do_cmd
 .time_critical.reset_non_control_endpoints
                0x0000000020000394       0xbc CMakeFiles/mpu6050.dir/home/je6ndar/pico-sdk/lib/tinyusb/src/portable/raspberrypi/rp2040/dcd_rp2040.c.obj
 .time_critical.hw_handle_buff_status
                0x0000000020000450       0xa8 CMakeFiles/mpu6050.dir/home/je6ndar/pico-sdk/lib/tinyusb/src/portable/raspberrypi/rp2040/dcd_rp2040.c.obj
 .time_critical.dcd_rp2040_irq
                0x00000000200004f8      0x554 CMakeFiles/mpu6050.dir/home/je6ndar/pico-sdk/lib/tinyusb/src/portable/raspberrypi/rp2040/dcd_rp2040.c.obj
 .time_critical.prepare_ep_buffer
                0x0000000020000a4c       0xf4 CMakeFiles/mpu6050.dir/home/je6ndar/pico-sdk/lib/tinyusb/src/portable/raspberrypi/rp2040/rp2040_usb.c.obj
 .time_critical.sync_ep_buffer
                0x0000000020000b40       0xb4 CMakeFiles/mpu6050.dir/home/je6ndar/pico-sdk/lib/tinyusb/src/portable/raspberrypi/rp2040/rp2040_usb.c.obj
 .time_critical._hw_endpoint_xfer_sync
                0x0000000020000bf4       0x28 CMakeFiles/mpu6050.dir/home/je6ndar/pico-sdk/lib/tinyusb/src/portable/raspberrypi/rp2040/rp2040_usb.c.obj
 .time_critical.e15_is_bulkin_ep
                0x0000000020000c1c       0x28 CMakeFiles/mpu6050.dir/home/je6ndar/pico-sdk/lib/tinyusb/src/portable/raspberrypi/rp2040/rp2040_usb.c.obj
 .time_critical.e15_is_critical_frame_period
                0x0000000020000c44       0x34 CMakeFiles/mpu6050.dir/home/je6ndar/pico-sdk/lib/tinyusb/src/portable/raspberrypi/rp2040/rp2040_usb.c.obj
 .time_critical.hw_endpoint_reset_transfer
                0x0000000020000c78        0xc CMakeFiles/mpu6050.dir/home/je6ndar/pico-sdk/lib/tinyusb/src/portable/raspberrypi/rp2040/rp2040_usb.c.obj
                0x0000000020000c78                hw_endpoint_reset_transfer
 .time_critical._hw_endpoint_buffer_control_update32
                0x0000000020000c84       0x50 CMakeFiles/mpu6050.dir/home/je6ndar/pico-sdk/lib/tinyusb/src/portable/raspberrypi/rp2040/rp2040_usb.c.obj
                0x0000000020000c84                _hw_endpoint_buffer_control_update32
 .time_critical.hw_endpoint_start_next_buffer
                0x0000000020000cd4       0x6c CMakeFiles/mpu6050.dir/home/je6ndar/pico-sdk/lib/tinyusb/src/portable/raspberrypi/rp2040/rp2040_usb.c.obj
                0x0000000020000cd4                hw_endpoint_start_next_buffer
 .time_critical.hw_endpoint_xfer_continue
                0x0000000020000d40       0x40 CMakeFiles/mpu6050.dir/home/je6ndar/pico-sdk/lib/tinyusb/src/portable/raspberrypi/rp2040/rp2040_usb.c.obj
                0x0000000020000d40                hw_endpoint_xfer_continue
 .time_critical.tinyusb
                0x0000000020000d80      0x1f0 CMakeFiles/mpu6050.dir/home/je6ndar/pico-sdk/lib/tinyusb/src/device/usbd.c.obj
                0x0000000020000d80                dcd_event_handler
 *(.text*)
 .text          0x0000000020000f70        0x4 /opt/gcc-arm-none-eabi-10-2020-q4-major/bin/../lib/gcc/arm-none-eabi/10.2.1/thumb/v6-m/nofp/libgcc.a(_dvmd_tls.o)
                0x0000000020000f70                __aeabi_ldiv0
                0x0000000020000f70                __aeabi_idiv0
 *fill*         0x0000000020000f74        0x4 
 .text.__stub   0x0000000020000f78       0x80 linker stubs
                0x0000000020000ff8                . = ALIGN (0x4)
 *(.rodata*)
                0x0000000020000ff8                . = ALIGN (0x4)
 *(.data*)
 .data.I2C_PORT
                0x0000000020000ff8        0x4 CMakeFiles/mpu6050.dir/src/mpu6050.cpp.obj
                0x0000000020000ff8                I2C_PORT
 .data.striped_spin_lock_num
                0x0000000020000ffc        0x1 CMakeFiles/mpu6050.dir/home/je6ndar/pico-sdk/src/rp2_common/hardware_sync/sync.c.obj
 *fill*         0x0000000020000ffd        0x3 
 .data          0x0000000020001000       0x48 CMakeFiles/mpu6050.dir/home/je6ndar/pico-sdk/src/rp2_common/hardware_irq/irq_handler_chain.S.obj
                0x0000000020001000                irq_handler_chain_slots
                0x0000000020001030                irq_handler_chain_first_slot
                0x000000002000103a                irq_handler_chain_remove_tail
 .data.default_alarm_pool
                0x0000000020001048       0x18 CMakeFiles/mpu6050.dir/home/je6ndar/pico-sdk/src/common/pico_time/time.c.obj
 *fill*         0x0000000020001060        0x0 
 .data.aeabi_bits_funcs
                0x0000000020001060       0x10 CMakeFiles/mpu6050.dir/home/je6ndar/pico-sdk/src/rp2_common/pico_bit_ops/bit_ops_aeabi.S.obj
                0x0000000020001060                aeabi_bits_funcs
                0x0000000020001070                aeabi_bits_funcs_end
 .data.aeabi_mem_funcs
                0x0000000020001070       0x10 CMakeFiles/mpu6050.dir/home/je6ndar/pico-sdk/src/rp2_common/pico_mem_ops/mem_ops_aeabi.S.obj
                0x0000000020001070                aeabi_mem_funcs
                0x0000000020001080                aeabi_mem_funcs_end
 .data.stdio_usb
                0x0000000020001080       0x18 CMakeFiles/mpu6050.dir/home/je6ndar/pico-sdk/src/rp2_common/pico_stdio_usb/stdio_usb.c.obj
                0x0000000020001080                stdio_usb
 .data._usbd_qdef
                0x0000000020001098       0x1c CMakeFiles/mpu6050.dir/home/je6ndar/pico-sdk/lib/tinyusb/src/device/usbd.c.obj
                0x0000000020001098                _usbd_qdef
 .data._usbd_rhport
                0x00000000200010b4        0x1 CMakeFiles/mpu6050.dir/home/je6ndar/pico-sdk/lib/tinyusb/src/device/usbd.c.obj
 *fill*         0x00000000200010b5        0x3 
 .data.i2c0_inst
                0x00000000200010b8        0x8 CMakeFiles/mpu6050.dir/home/je6ndar/pico-sdk/src/rp2_common/hardware_i2c/i2c.c.obj
                0x00000000200010b8                i2c0_inst
                0x00000000200010c0                . = ALIGN (0x4)
 *(.after_data.*)
                0x00000000200010c0                . = ALIGN (0x4)
                0x00000000200010c0                PROVIDE (__mutex_array_start = .)
 *(SORT_BY_NAME(.mutex_array.*))
 *(.mutex_array)
 .mutex_array   0x00000000200010c0        0x8 CMakeFiles/mpu6050.dir/home/je6ndar/pico-sdk/src/rp2_common/pico_stdio/stdio.c.obj
                0x00000000200010c8                PROVIDE (__mutex_array_end = .)
                0x00000000200010c8                . = ALIGN (0x4)
 *(.jcr)
                0x00000000200010c8                . = ALIGN (0x4)

.igot.plt       0x00000000200010c8        0x0 load address 0x0000000010008294
 .igot.plt      0x00000000200010c8        0x0 /opt/gcc-arm-none-eabi-10-2020-q4-major/bin/../lib/gcc/arm-none-eabi/10.2.1/thumb/v6-m/nofp/crtbegin.o

.tdata          0x00000000200010c8        0x0 load address 0x0000000010008294
                0x00000000200010c8                . = ALIGN (0x4)
 *(.tdata .tdata.* .gnu.linkonce.td.*)
                0x00000000200010c8                __tdata_end = .
                0x00000000200010c8                PROVIDE (__data_end__ = .)
                0x000000001000728c                __etext = LOADADDR (.data)

.tbss           0x00000000200010c8        0x0 load address 0x0000000010008294
                0x00000000200010c8                . = ALIGN (0x4)
                0x00000000200010c8                __bss_start__ = .
                0x00000000200010c8                __tls_base = .
 *(.tbss .tbss.* .gnu.linkonce.tb.*)
 *(.tcommon)
                0x00000000200010c8                __tls_end = .

.bss            0x00000000200010c8     0x1078 load address 0x0000000010008294
                0x00000000200010c8                . = ALIGN (0x4)
                0x00000000200010c8                __tbss_end = .
 *(SORT_BY_ALIGNMENT(SORT_BY_NAME(.bss*)))
 .bss.default_alarm_pool_entries
                0x00000000200010c8      0x180 CMakeFiles/mpu6050.dir/home/je6ndar/pico-sdk/src/common/pico_time/time.c.obj
 .bss.last_avail_time.1
                0x0000000020001248        0x8 CMakeFiles/mpu6050.dir/home/je6ndar/pico-sdk/src/rp2_common/pico_stdio_usb/stdio_usb.c.obj
 .bss.sd_table  0x0000000020001250      0x100 CMakeFiles/mpu6050.dir/home/je6ndar/pico-sdk/src/rp2_common/pico_double/double_init_rom_rp2040.c.obj
                0x0000000020001250                sd_table
 .bss.sf_table  0x0000000020001350      0x100 CMakeFiles/mpu6050.dir/home/je6ndar/pico-sdk/src/rp2_common/pico_float/float_init_rom_rp2040.c.obj
                0x0000000020001350                sf_table
 .bss           0x0000000020001450       0x1c /opt/gcc-arm-none-eabi-10-2020-q4-major/bin/../lib/gcc/arm-none-eabi/10.2.1/thumb/v6-m/nofp/crtbegin.o
 .bss._app_driver
                0x000000002000146c        0x4 CMakeFiles/mpu6050.dir/home/je6ndar/pico-sdk/lib/tinyusb/src/device/usbd.c.obj
 .bss._cdcd_fifo_cfg
                0x0000000020001470        0x1 CMakeFiles/mpu6050.dir/home/je6ndar/pico-sdk/lib/tinyusb/src/class/cdc/cdc_device.c.obj
 *fill*         0x0000000020001471        0x3 
 .bss._cdcd_itf
                0x0000000020001474      0x2c8 CMakeFiles/mpu6050.dir/home/je6ndar/pico-sdk/lib/tinyusb/src/class/cdc/cdc_device.c.obj
 .bss._ctrl_xfer
                0x000000002000173c       0x14 CMakeFiles/mpu6050.dir/home/je6ndar/pico-sdk/lib/tinyusb/src/device/usbd_control.c.obj
 .bss._ubsd_mutexdef
                0x0000000020001750        0x8 CMakeFiles/mpu6050.dir/home/je6ndar/pico-sdk/lib/tinyusb/src/device/usbd.c.obj
 .bss._usbd_ctrl_buf
                0x0000000020001758       0x40 CMakeFiles/mpu6050.dir/home/je6ndar/pico-sdk/lib/tinyusb/src/device/usbd_control.c.obj
 .bss._usbd_dev
                0x0000000020001798       0x54 CMakeFiles/mpu6050.dir/home/je6ndar/pico-sdk/lib/tinyusb/src/device/usbd.c.obj
 .bss._usbd_mutex
                0x00000000200017ec        0x4 CMakeFiles/mpu6050.dir/home/je6ndar/pico-sdk/lib/tinyusb/src/device/usbd.c.obj
 .bss._usbd_q   0x00000000200017f0        0x4 CMakeFiles/mpu6050.dir/home/je6ndar/pico-sdk/lib/tinyusb/src/device/usbd.c.obj
 .bss._usbd_qdef_buf
                0x00000000200017f4       0xc0 CMakeFiles/mpu6050.dir/home/je6ndar/pico-sdk/lib/tinyusb/src/device/usbd.c.obj
                0x00000000200017f4                _usbd_qdef_buf
 .bss._vendord_itf
                0x00000000200018b4      0x2bc CMakeFiles/mpu6050.dir/home/je6ndar/pico-sdk/lib/tinyusb/src/class/vendor/vendor_device.c.obj
 .bss.boot2_copyout
                0x0000000020001b70      0x100 CMakeFiles/mpu6050.dir/home/je6ndar/pico-sdk/src/rp2_common/hardware_flash/flash.c.obj
 .bss.chars_available_callback
                0x0000000020001c70        0x4 CMakeFiles/mpu6050.dir/home/je6ndar/pico-sdk/src/rp2_common/pico_stdio_usb/stdio_usb.c.obj
 .bss.chars_available_param
                0x0000000020001c74        0x4 CMakeFiles/mpu6050.dir/home/je6ndar/pico-sdk/src/rp2_common/pico_stdio_usb/stdio_usb.c.obj
 .bss.claimed   0x0000000020001c78        0x4 CMakeFiles/mpu6050.dir/home/je6ndar/pico-sdk/src/rp2_common/hardware_sync/sync.c.obj
 .bss.claimed   0x0000000020001c7c        0x1 CMakeFiles/mpu6050.dir/home/je6ndar/pico-sdk/src/rp2_common/hardware_timer/timer.c.obj
 *fill*         0x0000000020001c7d        0x3 
 .bss.configured_freq
                0x0000000020001c80       0x28 CMakeFiles/mpu6050.dir/home/je6ndar/pico-sdk/src/rp2_common/hardware_clocks/clocks.c.obj
 .bss.desc_str.0
                0x0000000020001ca8       0x28 CMakeFiles/mpu6050.dir/home/je6ndar/pico-sdk/src/rp2_common/pico_stdio_usb/stdio_usb_descriptors.c.obj
 .bss.drivers   0x0000000020001cd0        0x4 CMakeFiles/mpu6050.dir/home/je6ndar/pico-sdk/src/rp2_common/pico_stdio/stdio.c.obj
 .bss.e15_last_sof
                0x0000000020001cd4        0x4 CMakeFiles/mpu6050.dir/home/je6ndar/pico-sdk/lib/tinyusb/src/portable/raspberrypi/rp2040/rp2040_usb.c.obj
                0x0000000020001cd4                e15_last_sof
 .bss.filter    0x0000000020001cd8        0x4 CMakeFiles/mpu6050.dir/home/je6ndar/pico-sdk/src/rp2_common/pico_stdio/stdio.c.obj
 .bss.hw_endpoints
                0x0000000020001cdc      0x400 CMakeFiles/mpu6050.dir/home/je6ndar/pico-sdk/lib/tinyusb/src/portable/raspberrypi/rp2040/dcd_rp2040.c.obj
 .bss.i2c       0x00000000200020dc        0xc CMakeFiles/mpu6050.dir/src/mpu6050.cpp.obj
                0x00000000200020dc                i2c
 .bss.lazy_vsnprintf
                0x00000000200020e8        0x4 CMakeFiles/mpu6050.dir/home/je6ndar/pico-sdk/src/rp2_common/pico_printf/printf.c.obj
 .bss.load_value
                0x00000000200020ec        0x4 CMakeFiles/mpu6050.dir/home/je6ndar/pico-sdk/src/rp2_common/hardware_watchdog/watchdog.c.obj
 .bss.next_buffer_ptr
                0x00000000200020f0        0x4 CMakeFiles/mpu6050.dir/home/je6ndar/pico-sdk/lib/tinyusb/src/portable/raspberrypi/rp2040/dcd_rp2040.c.obj
 .bss.one_shot_timer_crit_sec
                0x00000000200020f4        0x8 CMakeFiles/mpu6050.dir/home/je6ndar/pico-sdk/src/rp2_common/pico_stdio_usb/stdio_usb.c.obj
 .bss.pools     0x00000000200020fc       0x10 CMakeFiles/mpu6050.dir/home/je6ndar/pico-sdk/src/common/pico_time/time.c.obj
 .bss.retrieved_id
                0x000000002000210c        0x8 CMakeFiles/mpu6050.dir/home/je6ndar/pico-sdk/src/rp2_common/pico_unique_id/unique_id.c.obj
 .bss.sf_clz_func
                0x0000000020002114        0x4 CMakeFiles/mpu6050.dir/home/je6ndar/pico-sdk/src/rp2_common/pico_double/double_init_rom_rp2040.c.obj
                0x0000000020002114                sf_clz_func
 .bss.sleep_notifier
                0x0000000020002118        0x4 CMakeFiles/mpu6050.dir/home/je6ndar/pico-sdk/src/common/pico_time/time.c.obj
 .bss.stdio_usb_mutex
                0x000000002000211c        0x8 CMakeFiles/mpu6050.dir/home/je6ndar/pico-sdk/src/rp2_common/pico_stdio_usb/stdio_usb.c.obj
 .bss.usbd_serial_str
                0x0000000020002124       0x11 CMakeFiles/mpu6050.dir/home/je6ndar/pico-sdk/src/rp2_common/pico_stdio_usb/stdio_usb_descriptors.c.obj
 .bss._app_driver_count
                0x0000000020002135        0x1 CMakeFiles/mpu6050.dir/home/je6ndar/pico-sdk/lib/tinyusb/src/device/usbd.c.obj
 .bss._sof_enable
                0x0000000020002136        0x1 CMakeFiles/mpu6050.dir/home/je6ndar/pico-sdk/lib/tinyusb/src/portable/raspberrypi/rp2040/dcd_rp2040.c.obj
 .bss._usbd_queued_setup
                0x0000000020002137        0x1 CMakeFiles/mpu6050.dir/home/je6ndar/pico-sdk/lib/tinyusb/src/device/usbd.c.obj
 .bss.boot2_copyout_valid
                0x0000000020002138        0x1 CMakeFiles/mpu6050.dir/home/je6ndar/pico-sdk/src/rp2_common/hardware_flash/flash.c.obj
 .bss.irq_handler_chain_free_slot_head
                0x0000000020002139        0x1 CMakeFiles/mpu6050.dir/home/je6ndar/pico-sdk/src/rp2_common/hardware_irq/irq.c.obj
 .bss.itf_num   0x000000002000213a        0x1 CMakeFiles/mpu6050.dir/home/je6ndar/pico-sdk/src/rp2_common/pico_stdio_usb/reset_interface.c.obj
 .bss.low_priority_irq_num
                0x000000002000213b        0x1 CMakeFiles/mpu6050.dir/home/je6ndar/pico-sdk/src/rp2_common/pico_stdio_usb/stdio_usb.c.obj
 .bss.one_shot_timer_pending
                0x000000002000213c        0x1 CMakeFiles/mpu6050.dir/home/je6ndar/pico-sdk/src/rp2_common/pico_stdio_usb/stdio_usb.c.obj
 .bss.user_irq_claimed
                0x000000002000213d        0x1 CMakeFiles/mpu6050.dir/home/je6ndar/pico-sdk/src/rp2_common/hardware_irq/irq.c.obj
 *(COMMON)
                0x0000000020002140                . = ALIGN (0x4)
 *fill*         0x000000002000213e        0x2 
                0x0000000020002140                __bss_end__ = .

.heap           0x0000000020002140    0x3dec0 load address 0x0000000010008294
                0x0000000020002140                __end__ = .
                0x0000000020002140                end = __end__
 *(.heap*)
 .heap          0x0000000020002140      0x800 CMakeFiles/mpu6050.dir/home/je6ndar/pico-sdk/src/rp2_common/pico_crt0/crt0.S.obj
                0x0000000020040000                . = (ORIGIN (RAM) + LENGTH (RAM))
 *fill*         0x0000000020002940    0x3d6c0 
                0x0000000020040000                __HeapLimit = .

.scratch_x      0x0000000020040000        0x0 load address 0x0000000010008294
                0x0000000020040000                __scratch_x_start__ = .
 *(.scratch_x.*)
                0x0000000020040000                . = ALIGN (0x4)
                0x0000000020040000                __scratch_x_end__ = .
                0x0000000010008294                __scratch_x_source__ = LOADADDR (.scratch_x)

.scratch_y      0x0000000020041000        0x0 load address 0x0000000010008294
                0x0000000020041000                __scratch_y_start__ = .
 *(.scratch_y.*)
                0x0000000020041000                . = ALIGN (0x4)
                0x0000000020041000                __scratch_y_end__ = .
                0x0000000010008294                __scratch_y_source__ = LOADADDR (.scratch_y)

.stack1_dummy   0x0000000020040000        0x0
 *(.stack1*)

.stack_dummy    0x0000000020041000      0x800
 *(.stack*)
 .stack         0x0000000020041000      0x800 CMakeFiles/mpu6050.dir/home/je6ndar/pico-sdk/src/rp2_common/pico_crt0/crt0.S.obj

.flash_end      0x0000000010008294        0x0
 *(.embedded_end_block*)
                0x0000000010008294                PROVIDE (__flash_binary_end = .)
                0x0000000020040000                __StackLimit = (ORIGIN (RAM) + LENGTH (RAM))
                0x0000000020041000                __StackOneTop = (ORIGIN (SCRATCH_X) + LENGTH (SCRATCH_X))
                0x0000000020042000                __StackTop = (ORIGIN (SCRATCH_Y) + LENGTH (SCRATCH_Y))
                0x0000000020041000                __StackOneBottom = (__StackOneTop - SIZEOF (.stack1_dummy))
                0x0000000020041800                __StackBottom = (__StackTop - SIZEOF (.stack_dummy))
                0x0000000020042000                PROVIDE (__stack = __StackTop)
                [!provide]                        PROVIDE (__heap_start = __end__)
                [!provide]                        PROVIDE (__heap_end = __HeapLimit)
                [!provide]                        PROVIDE (__tls_align = MAX (ALIGNOF (.tdata), ALIGNOF (.tbss)))
                [!provide]                        PROVIDE (__tls_size_align = (((__tls_size + __tls_align) - 0x1) & ~ ((__tls_align - 0x1))))
                [!provide]                        PROVIDE (__arm32_tls_tcb_offset = MAX (0x8, __tls_align))
                [!provide]                        PROVIDE (_end = __end__)
                [!provide]                        PROVIDE (__llvm_libc_heap_limit = __HeapLimit)
                0x0000000000000001                ASSERT ((__StackLimit >= __HeapLimit), region RAM overflowed)
                0x0000000000000001                ASSERT (((__binary_info_header_end - __logical_binary_start) <= 0x100), Binary info must be in first 256 bytes of the binary)
LOAD CMakeFiles/mpu6050.dir/src/mpu6050.cpp.obj
LOAD CMakeFiles/mpu6050.dir/src/i2cManager.cpp.obj
LOAD CMakeFiles/mpu6050.dir/home/je6ndar/pico-sdk/src/rp2_common/pico_stdlib/stdlib.c.obj
LOAD CMakeFiles/mpu6050.dir/home/je6ndar/pico-sdk/src/rp2_common/hardware_gpio/gpio.c.obj
LOAD CMakeFiles/mpu6050.dir/home/je6ndar/pico-sdk/src/rp2040/pico_platform/platform.c.obj
LOAD CMakeFiles/mpu6050.dir/home/je6ndar/pico-sdk/src/rp2_common/pico_platform_panic/panic.c.obj
LOAD CMakeFiles/mpu6050.dir/home/je6ndar/pico-sdk/src/common/hardware_claim/claim.c.obj
LOAD CMakeFiles/mpu6050.dir/home/je6ndar/pico-sdk/src/rp2_common/hardware_sync/sync.c.obj
LOAD CMakeFiles/mpu6050.dir/home/je6ndar/pico-sdk/src/rp2_common/hardware_sync_spin_lock/sync_spin_lock.c.obj
LOAD CMakeFiles/mpu6050.dir/home/je6ndar/pico-sdk/src/rp2_common/hardware_irq/irq.c.obj
LOAD CMakeFiles/mpu6050.dir/home/je6ndar/pico-sdk/src/rp2_common/hardware_irq/irq_handler_chain.S.obj
LOAD CMakeFiles/mpu6050.dir/home/je6ndar/pico-sdk/src/common/pico_sync/sem.c.obj
LOAD CMakeFiles/mpu6050.dir/home/je6ndar/pico-sdk/src/common/pico_sync/lock_core.c.obj
LOAD CMakeFiles/mpu6050.dir/home/je6ndar/pico-sdk/src/common/pico_sync/mutex.c.obj
LOAD CMakeFiles/mpu6050.dir/home/je6ndar/pico-sdk/src/common/pico_sync/critical_section.c.obj
LOAD CMakeFiles/mpu6050.dir/home/je6ndar/pico-sdk/src/common/pico_time/time.c.obj
LOAD CMakeFiles/mpu6050.dir/home/je6ndar/pico-sdk/src/common/pico_time/timeout_helper.c.obj
LOAD CMakeFiles/mpu6050.dir/home/je6ndar/pico-sdk/src/rp2_common/hardware_timer/timer.c.obj
LOAD CMakeFiles/mpu6050.dir/home/je6ndar/pico-sdk/src/common/pico_util/datetime.c.obj
LOAD CMakeFiles/mpu6050.dir/home/je6ndar/pico-sdk/src/common/pico_util/pheap.c.obj
LOAD CMakeFiles/mpu6050.dir/home/je6ndar/pico-sdk/src/common/pico_util/queue.c.obj
LOAD CMakeFiles/mpu6050.dir/home/je6ndar/pico-sdk/src/rp2_common/hardware_uart/uart.c.obj
LOAD CMakeFiles/mpu6050.dir/home/je6ndar/pico-sdk/src/rp2_common/hardware_clocks/clocks.c.obj
LOAD CMakeFiles/mpu6050.dir/home/je6ndar/pico-sdk/src/rp2_common/hardware_pll/pll.c.obj
LOAD CMakeFiles/mpu6050.dir/home/je6ndar/pico-sdk/src/rp2_common/hardware_vreg/vreg.c.obj
LOAD CMakeFiles/mpu6050.dir/home/je6ndar/pico-sdk/src/rp2_common/hardware_watchdog/watchdog.c.obj
LOAD CMakeFiles/mpu6050.dir/home/je6ndar/pico-sdk/src/rp2_common/hardware_ticks/ticks.c.obj
LOAD CMakeFiles/mpu6050.dir/home/je6ndar/pico-sdk/src/rp2_common/hardware_xosc/xosc.c.obj
LOAD CMakeFiles/mpu6050.dir/home/je6ndar/pico-sdk/src/rp2_common/hardware_divider/divider.S.obj
LOAD CMakeFiles/mpu6050.dir/home/je6ndar/pico-sdk/src/rp2_common/pico_runtime/runtime.c.obj
LOAD CMakeFiles/mpu6050.dir/home/je6ndar/pico-sdk/src/rp2_common/pico_runtime_init/runtime_init.c.obj
LOAD CMakeFiles/mpu6050.dir/home/je6ndar/pico-sdk/src/rp2_common/pico_runtime_init/runtime_init_clocks.c.obj
LOAD CMakeFiles/mpu6050.dir/home/je6ndar/pico-sdk/src/rp2_common/pico_runtime_init/runtime_init_stack_guard.c.obj
LOAD CMakeFiles/mpu6050.dir/home/je6ndar/pico-sdk/src/rp2_common/pico_bit_ops/bit_ops_aeabi.S.obj
LOAD CMakeFiles/mpu6050.dir/home/je6ndar/pico-sdk/src/rp2_common/pico_bootrom/bootrom.c.obj
LOAD CMakeFiles/mpu6050.dir/home/je6ndar/pico-sdk/src/rp2_common/pico_bootrom/bootrom_lock.c.obj
LOAD CMakeFiles/mpu6050.dir/home/je6ndar/pico-sdk/src/rp2_common/hardware_boot_lock/boot_lock.c.obj
LOAD CMakeFiles/mpu6050.dir/home/je6ndar/pico-sdk/src/rp2_common/pico_divider/divider_hardware.S.obj
LOAD CMakeFiles/mpu6050.dir/home/je6ndar/pico-sdk/src/rp2_common/pico_double/double_aeabi_rp2040.S.obj
LOAD CMakeFiles/mpu6050.dir/home/je6ndar/pico-sdk/src/rp2_common/pico_double/double_init_rom_rp2040.c.obj
LOAD CMakeFiles/mpu6050.dir/home/je6ndar/pico-sdk/src/rp2_common/pico_double/double_math.c.obj
LOAD CMakeFiles/mpu6050.dir/home/je6ndar/pico-sdk/src/rp2_common/pico_double/double_v1_rom_shim_rp2040.S.obj
LOAD CMakeFiles/mpu6050.dir/home/je6ndar/pico-sdk/src/rp2_common/pico_int64_ops/pico_int64_ops_aeabi.S.obj
LOAD CMakeFiles/mpu6050.dir/home/je6ndar/pico-sdk/src/rp2_common/pico_float/float_aeabi_rp2040.S.obj
LOAD CMakeFiles/mpu6050.dir/home/je6ndar/pico-sdk/src/rp2_common/pico_float/float_init_rom_rp2040.c.obj
LOAD CMakeFiles/mpu6050.dir/home/je6ndar/pico-sdk/src/rp2_common/pico_float/float_math.c.obj